<html>
<body>
<pre>
<h1>µVision Build Log</h1>
<h2>Tool Versions:</h2>
IDE-Version: µVision V5.29.0.0
Copyright (C) 2019 ARM Ltd and ARM Germany GmbH. All rights reserved.
License Information: Matthew Hyeun, University of Waterloo, LIC=----
 
Tool Versions:
Toolchain:       MDK-Lite  Version: 5.29.0.0
Toolchain Path:  C:\Keil_v5\ARM\ARMCC\Bin
C Compiler:      Armcc.exe V5.06 update 6 (build 750)
Assembler:       Armasm.exe V5.06 update 6 (build 750)
Linker/Locator:  ArmLink.exe V5.06 update 6 (build 750)
Library Manager: ArmAr.exe V5.06 update 6 (build 750)
Hex Converter:   FromElf.exe V5.06 update 6 (build 750)
CPU DLL:         SARMCM3.DLL V5.29.0.0
Dialog DLL:      DARMP1.DLL V1.27.0.0
Target DLL:      UL2CM3.DLL V1.163.0.0
Dialog DLL:      TCM.DLL V1.36.5.0
 
<h2>Project:</h2>
C:\Users\Matthew Hyeun\MTE241\MTE241-RTOS\Lab 3\Lab3.uvprojx
Project File Date:  07/03/2020

<h2>Output:</h2>
*** Using Compiler 'V5.06 update 6 (build 750)', folder: 'C:\Keil_v5\ARM\ARMCC\Bin'
Build target 'Target 1'
compiling main.c...
main.c(12): warning:  #61-D: integer operation result is out of range
  		LPC_GPIO1->FIOCLR |= (1 << 31);
main.c(12): warning:  #68-D: integer conversion resulted in a change of sign
  		LPC_GPIO1->FIOCLR |= (1 << 31);
main.c(39): warning:  #61-D: integer operation result is out of range
  			LPC_GPIO1->FIOSET |= (1 << 31); // LED 3 0x100
main.c(39): warning:  #68-D: integer conversion resulted in a change of sign
  			LPC_GPIO1->FIOSET |= (1 << 31); // LED 3 0x100
main.c(51): warning:  #61-D: integer operation result is out of range
  	LPC_GPIO1->FIODIR |= (1 << 31);
main.c(51): warning:  #68-D: integer conversion resulted in a change of sign
  	LPC_GPIO1->FIODIR |= (1 << 31);
main.c(66): warning:  #61-D: integer operation result is out of range
  		LPC_GPIO1->FIOCLR |= (1 << 31);
main.c(66): warning:  #68-D: integer conversion resulted in a change of sign
  		LPC_GPIO1->FIOCLR |= (1 << 31);
main.c(85): warning:  #61-D: integer operation result is out of range
  				else if(i == 2) LPC_GPIO1->FIOSET |= (1 << 31);
main.c(85): warning:  #68-D: integer conversion resulted in a change of sign
  				else if(i == 2) LPC_GPIO1->FIOSET |= (1 << 31);
main.c(102): warning:  #61-D: integer operation result is out of range
  	LPC_GPIO1->FIODIR |= (1 << 31);
main.c(102): warning:  #68-D: integer conversion resulted in a change of sign
  	LPC_GPIO1->FIODIR |= (1 << 31);
main.c(112): warning:  #61-D: integer operation result is out of range
  	LPC_GPIO1->FIOCLR |= (1 << 31);
main.c(112): warning:  #68-D: integer conversion resulted in a change of sign
  	LPC_GPIO1->FIOCLR |= (1 << 31);
main.c: 14 warnings, 0 errors
linking...
Program Size: Code=10044 RO-data=644 RW-data=5164 ZI-data=8324  
".\Objects\Lab3.axf" - 0 Error(s), 14 Warning(s).

<h2>Software Packages used:</h2>

Package Vendor: ARM
                http://www.keil.com/pack/ARM.CMSIS.5.6.0.pack
                ARM.CMSIS.5.6.0
                CMSIS (Cortex Microcontroller Software Interface Standard)
   * Component: RTOS2 Version: 2.1.3
   * Component: CORE Version: 5.3.0
   * Component: Keil RTX5 Variant: Library Version: 5.5.1

Package Vendor: Keil
                http://www.keil.com/pack/Keil.LPC1700_DFP.2.6.0.pack
                Keil.LPC1700_DFP.2.6.0
                NXP LPC1700 Series Device Support, Drivers and Examples for MCB1700 and LPC1788-32
   * Component: Startup Version: 1.0.0

<h2>Collection of Component include folders:</h2>
  .\RTE\CMSIS
  .\RTE\Device\LPC1768
  .\RTE\_Target_1
  C:\Users\Matthew Hyeun\AppData\Local\Arm\Packs\ARM\CMSIS\5.6.0\CMSIS\Core\Include
  C:\Users\Matthew Hyeun\AppData\Local\Arm\Packs\ARM\CMSIS\5.6.0\CMSIS\RTOS2\Include
  C:\Users\Matthew Hyeun\AppData\Local\Arm\Packs\ARM\CMSIS\5.6.0\CMSIS\RTOS2\RTX\Include
  C:\Users\Matthew Hyeun\AppData\Local\Arm\Packs\Keil\LPC1700_DFP\2.6.0\Device\Include

<h2>Collection of Component Files used:</h2>

   * Component: ::CMSIS:RTOS2:2.1.3 (API)
      Include file:  CMSIS\RTOS2\Include\cmsis_os2.h

   * Component: ARM::CMSIS:CORE:5.3.0

   * Component: ARM::CMSIS:RTOS2:Keil RTX5:Library:5.5.1
      Source file:   CMSIS\RTOS2\RTX\Template\main.c
      Library file:  CMSIS\RTOS2\RTX\Library\ARM\RTX_CM3.lib
      Include file:  CMSIS\RTOS2\RTX\Include\rtx_os.h
      Source file:   CMSIS\RTOS2\RTX\Template\svc_user.c
      Source file:   CMSIS\RTOS2\RTX\Template\Semaphore.c
      Source file:   CMSIS\RTOS2\RTX\Template\Thread.c
      Source file:   CMSIS\RTOS2\RTX\Template\MsgQueue.c
      Source file:   CMSIS\RTOS2\RTX\Source\rtx_lib.c
      Source file:   CMSIS\RTOS2\RTX\Template\Events.c
      Source file:   CMSIS\RTOS2\RTX\Template\MemPool.c
      Source file:   CMSIS\RTOS2\RTX\Config\RTX_Config.c
      Source file:   CMSIS\RTOS2\RTX\Template\Mutex.c
      Include file:  CMSIS\RTOS2\RTX\Config\RTX_Config.h
      Source file:   CMSIS\RTOS2\RTX\Template\Timer.c

   * Component: Keil::Device:Startup:1.0.0
      Source file:   Device\Source\ARM\startup_LPC17xx.s
      Include file:  Device\Include\LPC17xx.h
      Source file:   Device\Source\system_LPC17xx.c
      Include file:  RTE_Driver\Config\RTE_Device.h
Build Time Elapsed:  00:00:00
</pre>
</body>
</html>
