Component: ARM Compiler 5.06 update 6 (build 750) Tool: armlink [4d35ed]

==============================================================================

Section Cross References

    uart.o(i.FreeRcv) refers to uart.o(i.Free) for Free
    uart.o(i.FreeRcv) refers to uart.o(.data) for RcvLock0
    uart.o(i.FreeSnd) refers to uart.o(i.Free) for Free
    uart.o(i.FreeSnd) refers to uart.o(.data) for SndLock0
    uart.o(i.LockRcv) refers to uart.o(i.Lock) for Lock
    uart.o(i.LockRcv) refers to uart.o(.data) for RcvLock0
    uart.o(i.LockSnd) refers to uart.o(i.Lock) for Lock
    uart.o(i.LockSnd) refers to uart.o(.data) for SndLock0
    uart.o(i.UART0_IRQHandler) refers to uart.o(.bss) for UART0Buffer
    uart.o(i.UART0_IRQHandler) refers to uart.o(.data) for UART0Count
    uart.o(i.UART1_IRQHandler) refers to uart.o(.bss) for UART1Buffer
    uart.o(i.UART1_IRQHandler) refers to uart.o(.data) for UART1Count
    uart.o(i.UARTInit) refers to uart.o(i.getFrequency) for getFrequency
    uart.o(i.UARTInit) refers to uart.o(i.__NVIC_EnableIRQ) for __NVIC_EnableIRQ
    uart.o(i.UARTInit) refers to uart.o(i.FreeRcv) for FreeRcv
    uart.o(i.UARTInit) refers to uart.o(i.FreeSnd) for FreeSnd
    uart.o(i.UARTRecieve) refers to uart.o(i.LockRcv) for LockRcv
    uart.o(i.UARTRecieve) refers to uart.o(i.FreeRcv) for FreeRcv
    uart.o(i.UARTRecieve) refers to uart.o(.data) for UART0Count
    uart.o(i.UARTRecieve) refers to uart.o(.bss) for UART0Buffer
    uart.o(i.UARTSend) refers to uart.o(i.LockSnd) for LockSnd
    uart.o(i.UARTSend) refers to uart.o(i.FreeSnd) for FreeSnd
    uart.o(i.UARTSend) refers to uart.o(.data) for UART0TxEmpty
    uart.o(i.getFrequency) refers to system_lpc17xx.o(.data) for SystemCoreClock
    retarget.o(i._ttywrch) refers to retarget.o(i.sendchar) for sendchar
    retarget.o(i.fgetc) refers to retarget.o(i.getkey) for getkey
    retarget.o(i.fgetc) refers to retarget.o(i.sendchar) for sendchar
    retarget.o(i.fputc) refers to retarget.o(i.sendchar) for sendchar
    retarget.o(i.getkey) refers to uart.o(i.UARTInit) for UARTInit
    retarget.o(i.getkey) refers to uart.o(i.UARTReceiveChar) for UARTReceiveChar
    retarget.o(i.getkey) refers to retarget.o(.data) for uart_init_called
    retarget.o(i.sendchar) refers to uart.o(i.UARTInit) for UARTInit
    retarget.o(i.sendchar) refers to uart.o(i.UARTSendChar) for UARTSendChar
    retarget.o(i.sendchar) refers to retarget.o(.data) for uart_init_called
    main.o(i.main) refers to rtx_kernel.o(.text.osKernelInitialize) for osKernelInitialize
    main.o(i.main) refers to rtx_thread.o(.text.osThreadNew) for osThreadNew
    main.o(i.main) refers to rtx_kernel.o(.text.osKernelStart) for osKernelStart
    main.o(i.main) refers to main.o(i.read_joystick) for read_joystick
    main.o(i.main) refers to main.o(i.read_ADC) for read_ADC
    main.o(i.main) refers to main.o(i.toggle_LED) for toggle_LED
    main.o(i.read_ADC) refers to _scanf_str.o(.text) for _scanf_string
    main.o(i.read_ADC) refers to printfb.o(i.__0printf$bare) for __2printf
    main.o(i.read_ADC) refers to __0scanf.o(.text) for __0scanf
    main.o(i.read_ADC) refers to atoi.o(.text) for atoi
    main.o(i.read_ADC) refers to dflti.o(.text) for __aeabi_i2d
    main.o(i.read_ADC) refers to floor.o(i.floor) for floor
    main.o(i.read_ADC) refers to dfixi.o(.text) for __aeabi_d2iz
    main.o(i.read_ADC) refers to rtx_thread.o(.text.osThreadYield) for osThreadYield
    main.o(i.read_joystick) refers to rtx_delay.o(.text.osDelay) for osDelay
    main.o(i.toggle_LED) refers to rtx_delay.o(.text.osDelay) for osDelay
    rtx_lib.o(.constdata) refers to rtx_lib.o(.bss.os.thread.cb) for os_idle_thread_cb
    rtx_lib.o(.constdata) refers to rtx_lib.o(.bss.os.thread.stack) for os_idle_thread_stack
    rtx_lib.o(.constdata) refers to rtx_lib.o(.bss.os.msgqueue.cb) for os_timer_mq_cb
    rtx_lib.o(.constdata) refers to rtx_lib.o(.bss.os.msgqueue.mem) for os_timer_mq_data
    rtx_lib.o(.data) refers to irq_cm3.o(.constdata) for irqRtxLib
    rtx_lib.o(.rodata) refers to rtx_lib.o(.bss.os) for os_isr_queue
    rtx_lib.o(.rodata) refers to rtx_lib.o(.constdata) for os_idle_thread_attr
    startup_lpc17xx.o(RESET) refers to startup_lpc17xx.o(STACK) for __initial_sp
    startup_lpc17xx.o(RESET) refers to startup_lpc17xx.o(.text) for Reset_Handler
    startup_lpc17xx.o(RESET) refers to irq_cm3.o(.text) for SVC_Handler
    startup_lpc17xx.o(RESET) refers to uart.o(i.UART0_IRQHandler) for UART0_IRQHandler
    startup_lpc17xx.o(RESET) refers to uart.o(i.UART1_IRQHandler) for UART1_IRQHandler
    startup_lpc17xx.o(.text) refers to system_lpc17xx.o(i.SystemInit) for SystemInit
    startup_lpc17xx.o(.text) refers to entry.o(.ARM.Collect$$$$00000000) for __main
    system_lpc17xx.o(i.SystemCoreClockUpdate) refers to uldiv.o(.text) for __aeabi_uldivmod
    system_lpc17xx.o(i.SystemCoreClockUpdate) refers to system_lpc17xx.o(.data) for SystemCoreClock
[...]
    Removing rtx_thread.o(.text.svcRtxThreadGetCount), (56 bytes).
    Removing rtx_thread.o(.ARM.exidx.text.svcRtxThreadGetCount), (8 bytes).
    Removing rtx_thread.o(.text.svcRtxThreadEnumerate), (104 bytes).
    Removing rtx_thread.o(.ARM.exidx.text.svcRtxThreadEnumerate), (8 bytes).
    Removing rtx_thread.o(.text.svcRtxThreadFlagsSet), (102 bytes).
    Removing rtx_thread.o(.ARM.exidx.text.svcRtxThreadFlagsSet), (8 bytes).
    Removing rtx_thread.o(.text.svcRtxThreadFlagsClear), (52 bytes).
    Removing rtx_thread.o(.ARM.exidx.text.svcRtxThreadFlagsClear), (8 bytes).
    Removing rtx_thread.o(.text.svcRtxThreadFlagsGet), (20 bytes).
    Removing rtx_thread.o(.ARM.exidx.text.svcRtxThreadFlagsGet), (8 bytes).
    Removing rtx_thread.o(.text.svcRtxThreadFlagsWait), (76 bytes).
    Removing rtx_thread.o(.ARM.exidx.text.svcRtxThreadFlagsWait), (8 bytes).
    Removing rtx_delay.o(.text), (0 bytes).
    Removing rtx_delay.o(.ARM.exidx.text.osDelay), (8 bytes).
    Removing rtx_delay.o(.text.osDelayUntil), (36 bytes).
    Removing rtx_delay.o(.ARM.exidx.text.osDelayUntil), (8 bytes).
    Removing rtx_delay.o(.ARM.exidx.text.svcRtxDelay), (8 bytes).
    Removing rtx_delay.o(.text.svcRtxDelayUntil), (32 bytes).
    Removing rtx_delay.o(.ARM.exidx.text.svcRtxDelayUntil), (8 bytes).
    Removing irq_cm3.o(.constdata), (1 bytes).
    Removing rtx_timer.o(.text), (0 bytes).
    Removing rtx_timer.o(.ARM.exidx.text.osRtxTimerThread), (8 bytes).
    Removing rtx_timer.o(.ARM.exidx.text.osRtxTimerTick), (8 bytes).
    Removing rtx_timer.o(.text.osTimerNew), (48 bytes).
    Removing rtx_timer.o(.ARM.exidx.text.osTimerNew), (8 bytes).
    Removing rtx_timer.o(.text.osTimerGetName), (36 bytes).
    Removing rtx_timer.o(.ARM.exidx.text.osTimerGetName), (8 bytes).
    Removing rtx_timer.o(.text.osTimerStart), (36 bytes).
    Removing rtx_timer.o(.ARM.exidx.text.osTimerStart), (8 bytes).
    Removing rtx_timer.o(.text.osTimerStop), (36 bytes).
    Removing rtx_timer.o(.ARM.exidx.text.osTimerStop), (8 bytes).
    Removing rtx_timer.o(.text.osTimerIsRunning), (36 bytes).
    Removing rtx_timer.o(.ARM.exidx.text.osTimerIsRunning), (8 bytes).
    Removing rtx_timer.o(.text.osTimerDelete), (36 bytes).
    Removing rtx_timer.o(.ARM.exidx.text.osTimerDelete), (8 bytes).
    Removing rtx_timer.o(.ARM.exidx.text.TimerInsert), (8 bytes).
    Removing rtx_timer.o(.text.svcRtxTimerNew), (124 bytes).
    Removing rtx_timer.o(.ARM.exidx.text.svcRtxTimerNew), (8 bytes).
    Removing rtx_timer.o(.text.svcRtxTimerGetName), (16 bytes).
    Removing rtx_timer.o(.ARM.exidx.text.svcRtxTimerGetName), (8 bytes).
    Removing rtx_timer.o(.text.svcRtxTimerStart), (76 bytes).
    Removing rtx_timer.o(.ARM.exidx.text.svcRtxTimerStart), (8 bytes).
    Removing rtx_timer.o(.text.TimerRemove), (40 bytes).
    Removing rtx_timer.o(.ARM.exidx.text.TimerRemove), (8 bytes).
    Removing rtx_timer.o(.text.svcRtxTimerStop), (40 bytes).
    Removing rtx_timer.o(.ARM.exidx.text.svcRtxTimerStop), (8 bytes).
    Removing rtx_timer.o(.text.svcRtxTimerIsRunning), (24 bytes).
    Removing rtx_timer.o(.ARM.exidx.text.svcRtxTimerIsRunning), (8 bytes).
    Removing rtx_timer.o(.text.svcRtxTimerDelete), (76 bytes).
    Removing rtx_timer.o(.ARM.exidx.text.svcRtxTimerDelete), (8 bytes).
    Removing rtx_mutex.o(.text), (0 bytes).
    Removing rtx_mutex.o(.ARM.exidx.text.osRtxMutexOwnerRelease), (8 bytes).
    Removing rtx_mutex.o(.text.osMutexNew), (36 bytes).
    Removing rtx_mutex.o(.ARM.exidx.text.osMutexNew), (8 bytes).
    Removing rtx_mutex.o(.text.osMutexGetName), (36 bytes).
    Removing rtx_mutex.o(.ARM.exidx.text.osMutexGetName), (8 bytes).
    Removing rtx_mutex.o(.text.osMutexAcquire), (36 bytes).
    Removing rtx_mutex.o(.ARM.exidx.text.osMutexAcquire), (8 bytes).
    Removing rtx_mutex.o(.text.osMutexRelease), (36 bytes).
    Removing rtx_mutex.o(.ARM.exidx.text.osMutexRelease), (8 bytes).
    Removing rtx_mutex.o(.text.osMutexGetOwner), (36 bytes).
    Removing rtx_mutex.o(.ARM.exidx.text.osMutexGetOwner), (8 bytes).
    Removing rtx_mutex.o(.text.osMutexDelete), (36 bytes).
    Removing rtx_mutex.o(.ARM.exidx.text.osMutexDelete), (8 bytes).
    Removing rtx_mutex.o(.text.svcRtxMutexNew), (108 bytes).
    Removing rtx_mutex.o(.ARM.exidx.text.svcRtxMutexNew), (8 bytes).
    Removing rtx_mutex.o(.text.svcRtxMutexGetName), (16 bytes).
    Removing rtx_mutex.o(.ARM.exidx.text.svcRtxMutexGetName), (8 bytes).
    Removing rtx_mutex.o(.text.svcRtxMutexAcquire), (144 bytes).
    Removing rtx_mutex.o(.ARM.exidx.text.svcRtxMutexAcquire), (8 bytes).
    Removing rtx_mutex.o(.text.svcRtxMutexRelease), (184 bytes).
    Removing rtx_mutex.o(.ARM.exidx.text.svcRtxMutexRelease), (8 bytes).
    Removing rtx_mutex.o(.text.svcRtxMutexGetOwner), (20 bytes).
    Removing rtx_mutex.o(.ARM.exidx.text.svcRtxMutexGetOwner), (8 bytes).
    Removing rtx_mutex.o(.text.svcRtxMutexDelete), (196 bytes).
    Removing rtx_mutex.o(.ARM.exidx.text.svcRtxMutexDelete), (8 bytes).
    Removing rtx_memory.o(.text), (0 bytes).
    Removing rtx_memory.o(.ARM.exidx.text.osRtxMemoryInit), (8 bytes).
    Removing rtx_memory.o(.ARM.exidx.text.osRtxMemoryAlloc), (8 bytes).
    Removing rtx_memory.o(.ARM.exidx.text.osRtxMemoryFree), (8 bytes).
    Removing rtx_mempool.o(.text), (0 bytes).
    Removing rtx_mempool.o(.ARM.exidx.text.osRtxMemoryPoolInit), (8 bytes).
    Removing rtx_mempool.o(.ARM.exidx.text.osRtxMemoryPoolAlloc), (8 bytes).
    Removing rtx_mempool.o(.ARM.exidx.text.osRtxMemoryPoolFree), (8 bytes).
    Removing rtx_mempool.o(.text.osMemoryPoolNew), (36 bytes).
    Removing rtx_mempool.o(.ARM.exidx.text.osMemoryPoolNew), (8 bytes).
    Removing rtx_mempool.o(.text.osMemoryPoolGetName), (36 bytes).
    Removing rtx_mempool.o(.ARM.exidx.text.osMemoryPoolGetName), (8 bytes).
    Removing rtx_mempool.o(.text.osMemoryPoolAlloc), (104 bytes).
    Removing rtx_mempool.o(.ARM.exidx.text.osMemoryPoolAlloc), (8 bytes).
    Removing rtx_mempool.o(.text.osMemoryPoolFree), (72 bytes).
    Removing rtx_mempool.o(.ARM.exidx.text.osMemoryPoolFree), (8 bytes).
    Removing rtx_mempool.o(.text.osMemoryPoolGetCapacity), (48 bytes).
    Removing rtx_mempool.o(.ARM.exidx.text.osMemoryPoolGetCapacity), (8 bytes).
    Removing rtx_mempool.o(.text.svcRtxMemoryPoolGetCapacity), (16 bytes).
    Removing rtx_mempool.o(.ARM.exidx.text.svcRtxMemoryPoolGetCapacity), (8 bytes).
    Removing rtx_mempool.o(.text.osMemoryPoolGetBlockSize), (48 bytes).
    Removing rtx_mempool.o(.ARM.exidx.text.osMemoryPoolGetBlockSize), (8 bytes).
    Removing rtx_mempool.o(.text.svcRtxMemoryPoolGetBlockSize), (16 bytes).
    Removing rtx_mempool.o(.ARM.exidx.text.svcRtxMemoryPoolGetBlockSize), (8 bytes).
    Removing rtx_mempool.o(.text.osMemoryPoolGetCount), (48 bytes).
    Removing rtx_mempool.o(.ARM.exidx.text.osMemoryPoolGetCount), (8 bytes).
    Removing rtx_mempool.o(.text.svcRtxMemoryPoolGetCount), (16 bytes).
    Removing rtx_mempool.o(.ARM.exidx.text.svcRtxMemoryPoolGetCount), (8 bytes).
    Removing rtx_mempool.o(.text.osMemoryPoolGetSpace), (36 bytes).
    Removing rtx_mempool.o(.ARM.exidx.text.osMemoryPoolGetSpace), (8 bytes).
    Removing rtx_mempool.o(.text.svcRtxMemoryPoolGetSpace), (20 bytes).
    Removing rtx_mempool.o(.ARM.exidx.text.svcRtxMemoryPoolGetSpace), (8 bytes).
    Removing rtx_mempool.o(.text.osMemoryPoolDelete), (36 bytes).
    Removing rtx_mempool.o(.ARM.exidx.text.osMemoryPoolDelete), (8 bytes).
    Removing rtx_mempool.o(.text.svcRtxMemoryPoolNew), (332 bytes).
    Removing rtx_mempool.o(.ARM.exidx.text.svcRtxMemoryPoolNew), (8 bytes).
    Removing rtx_mempool.o(.text.osRtxMemoryPoolPostProcess), (72 bytes).
    Removing rtx_mempool.o(.ARM.exidx.text.osRtxMemoryPoolPostProcess), (8 bytes).
    Removing rtx_mempool.o(.text.svcRtxMemoryPoolGetName), (16 bytes).
    Removing rtx_mempool.o(.ARM.exidx.text.svcRtxMemoryPoolGetName), (8 bytes).
    Removing rtx_mempool.o(.text.svcRtxMemoryPoolAlloc), (92 bytes).
    Removing rtx_mempool.o(.ARM.exidx.text.svcRtxMemoryPoolAlloc), (8 bytes).
    Removing rtx_mempool.o(.text.svcRtxMemoryPoolFree), (100 bytes).
    Removing rtx_mempool.o(.ARM.exidx.text.svcRtxMemoryPoolFree), (8 bytes).
    Removing rtx_mempool.o(.text.svcRtxMemoryPoolDelete), (108 bytes).
    Removing rtx_mempool.o(.ARM.exidx.text.svcRtxMemoryPoolDelete), (8 bytes).
    Removing rtx_system.o(.text), (0 bytes).
    Removing rtx_system.o(.ARM.exidx.text.osRtxTick_Handler), (8 bytes).
    Removing rtx_system.o(.ARM.exidx.text.osRtxPendSV_Handler), (8 bytes).
    Removing rtx_system.o(.ARM.exidx.text.osRtxPostProcess), (8 bytes).
    Removing os_systick.o(.text), (0 bytes).
    Removing os_systick.o(.ARM.exidx.text.OS_Tick_Setup), (8 bytes).
    Removing os_systick.o(.ARM.exidx.text.OS_Tick_Enable), (8 bytes).
    Removing os_systick.o(.text.OS_Tick_Disable), (48 bytes).
    Removing os_systick.o(.ARM.exidx.text.OS_Tick_Disable), (8 bytes).
    Removing os_systick.o(.ARM.exidx.text.OS_Tick_AcknowledgeIRQ), (8 bytes).
    Removing os_systick.o(.ARM.exidx.text.OS_Tick_GetIRQn), (8 bytes).
    Removing os_systick.o(.text.OS_Tick_GetClock), (12 bytes).
    Removing os_systick.o(.ARM.exidx.text.OS_Tick_GetClock), (8 bytes).
    Removing os_systick.o(.text.OS_Tick_GetInterval), (12 bytes).
    Removing os_systick.o(.ARM.exidx.text.OS_Tick_GetInterval), (8 bytes).
    Removing os_systick.o(.text.OS_Tick_GetCount), (16 bytes).
    Removing os_systick.o(.ARM.exidx.text.OS_Tick_GetCount), (8 bytes).
    Removing os_systick.o(.text.OS_Tick_GetOverflow), (16 bytes).
    Removing os_systick.o(.ARM.exidx.text.OS_Tick_GetOverflow), (8 bytes).
    Removing rtx_msgqueue.o(.text), (0 bytes).
    Removing rtx_msgqueue.o(.ARM.exidx.text.osMessageQueueNew), (8 bytes).
    Removing rtx_msgqueue.o(.text.osMessageQueueGetName), (36 bytes).
    Removing rtx_msgqueue.o(.ARM.exidx.text.osMessageQueueGetName), (8 bytes).
    Removing rtx_msgqueue.o(.ARM.exidx.text.osMessageQueuePut), (8 bytes).
    Removing rtx_msgqueue.o(.ARM.exidx.text.osMessageQueueGet), (8 bytes).
    Removing rtx_msgqueue.o(.text.osMessageQueueGetCapacity), (48 bytes).
    Removing rtx_msgqueue.o(.ARM.exidx.text.osMessageQueueGetCapacity), (8 bytes).
    Removing rtx_msgqueue.o(.text.svcRtxMessageQueueGetCapacity), (16 bytes).
    Removing rtx_msgqueue.o(.ARM.exidx.text.svcRtxMessageQueueGetCapacity), (8 bytes).
    Removing rtx_msgqueue.o(.text.osMessageQueueGetMsgSize), (48 bytes).
    Removing rtx_msgqueue.o(.ARM.exidx.text.osMessageQueueGetMsgSize), (8 bytes).
    Removing rtx_msgqueue.o(.text.svcRtxMessageQueueGetMsgSize), (16 bytes).
    Removing rtx_msgqueue.o(.ARM.exidx.text.svcRtxMessageQueueGetMsgSize), (8 bytes).
    Removing rtx_msgqueue.o(.text.osMessageQueueGetCount), (48 bytes).
    Removing rtx_msgqueue.o(.ARM.exidx.text.osMessageQueueGetCount), (8 bytes).
    Removing rtx_msgqueue.o(.text.svcRtxMessageQueueGetCount), (16 bytes).
    Removing rtx_msgqueue.o(.ARM.exidx.text.svcRtxMessageQueueGetCount), (8 bytes).
    Removing rtx_msgqueue.o(.text.osMessageQueueGetSpace), (36 bytes).
    Removing rtx_msgqueue.o(.ARM.exidx.text.osMessageQueueGetSpace), (8 bytes).
    Removing rtx_msgqueue.o(.text.svcRtxMessageQueueGetSpace), (20 bytes).
    Removing rtx_msgqueue.o(.ARM.exidx.text.svcRtxMessageQueueGetSpace), (8 bytes).
    Removing rtx_msgqueue.o(.text.osMessageQueueReset), (36 bytes).
    Removing rtx_msgqueue.o(.ARM.exidx.text.osMessageQueueReset), (8 bytes).
    Removing rtx_msgqueue.o(.text.osMessageQueueDelete), (36 bytes).
    Removing rtx_msgqueue.o(.ARM.exidx.text.osMessageQueueDelete), (8 bytes).
    Removing rtx_msgqueue.o(.ARM.exidx.text.svcRtxMessageQueueNew), (8 bytes).
    Removing rtx_msgqueue.o(.ARM.exidx.text.osRtxMessageQueuePostProcess), (8 bytes).
    Removing rtx_msgqueue.o(.ARM.exidx.text.MessageQueueRemove), (8 bytes).
    Removing rtx_msgqueue.o(.ARM.exidx.text.MessageQueuePut), (8 bytes).
    Removing rtx_msgqueue.o(.text.svcRtxMessageQueueGetName), (16 bytes).
    Removing rtx_msgqueue.o(.ARM.exidx.text.svcRtxMessageQueueGetName), (8 bytes).
    Removing rtx_msgqueue.o(.ARM.exidx.text.svcRtxMessageQueuePut), (8 bytes).
    Removing rtx_msgqueue.o(.ARM.exidx.text.MessageQueueGet), (8 bytes).
    Removing rtx_msgqueue.o(.ARM.exidx.text.svcRtxMessageQueueGet), (8 bytes).
    Removing rtx_msgqueue.o(.text.svcRtxMessageQueueReset), (174 bytes).
    Removing rtx_msgqueue.o(.ARM.exidx.text.svcRtxMessageQueueReset), (8 bytes).
    Removing rtx_msgqueue.o(.text.svcRtxMessageQueueDelete), (112 bytes).
    Removing rtx_msgqueue.o(.ARM.exidx.text.svcRtxMessageQueueDelete), (8 bytes).
    Removing dmul.o(.text), (228 bytes).
    Removing ddiv.o(.text), (222 bytes).
    Removing dfixul.o(.text), (48 bytes).

348 unused section(s) (total 17493 bytes) removed from the image.

==============================================================================

Image Symbol Table

    Local Symbols

    Symbol Name                              Value     Ov Type        Size  Object(Section)

    RESET                                    0x00000000   Section      204  startup_lpc17xx.o(RESET)
    ../clib/../cmprslib/zerorunl.c           0x00000000   Number         0  __dczerorl.o ABSOLUTE
    ../clib/microlib/ctype/ctype.c           0x00000000   Number         0  isupper_o.o ABSOLUTE
    ../clib/microlib/ctype/ctype.c           0x00000000   Number         0  isspace_c.o ABSOLUTE
    ../clib/microlib/ctype/ctype.c           0x00000000   Number         0  isblank_o.o ABSOLUTE
    ../clib/microlib/ctype/ctype.c           0x00000000   Number         0  ctype_c.o ABSOLUTE
    ../clib/microlib/ctype/ctype.c           0x00000000   Number         0  isxdigit_o.o ABSOLUTE
    ../clib/microlib/ctype/ctype.c           0x00000000   Number         0  isspace_o.o ABSOLUTE
    ../clib/microlib/ctype/ctype.c           0x00000000   Number         0  ctype_o.o ABSOLUTE
    ../clib/microlib/ctype/ctype.c           0x00000000   Number         0  isalnum_o.o ABSOLUTE
    ../clib/microlib/ctype/ctype.c           0x00000000   Number         0  ispunct_o.o ABSOLUTE
    ../clib/microlib/ctype/ctype.c           0x00000000   Number         0  isgraph_o.o ABSOLUTE
    ../clib/microlib/ctype/ctype.c           0x00000000   Number         0  isprint_o.o ABSOLUTE
    ../clib/microlib/ctype/ctype.c           0x00000000   Number         0  islower_o.o ABSOLUTE
    ../clib/microlib/ctype/ctype.c           0x00000000   Number         0  isdigit_o.o ABSOLUTE
    ../clib/microlib/ctype/ctype.c           0x00000000   Number         0  iscntrl_o.o ABSOLUTE
    ../clib/microlib/ctype/ctype.c           0x00000000   Number         0  isalpha_o.o ABSOLUTE
    ../clib/microlib/division.c              0x00000000   Number         0  uidiv.o ABSOLUTE
    ../clib/microlib/division.c              0x00000000   Number         0  uldiv.o ABSOLUTE
    ../clib/microlib/errno.c                 0x00000000   Number         0  errno.o ABSOLUTE
    ../clib/microlib/init/entry.s            0x00000000   Number         0  entry8a.o ABSOLUTE
    ../clib/microlib/init/entry.s            0x00000000   Number         0  entry8b.o ABSOLUTE
    ../clib/microlib/init/entry.s            0x00000000   Number         0  entry5.o ABSOLUTE
    ../clib/microlib/init/entry.s            0x00000000   Number         0  entry10a.o ABSOLUTE
    ../clib/microlib/init/entry.s            0x00000000   Number         0  entry2.o ABSOLUTE
    ../clib/microlib/init/entry.s            0x00000000   Number         0  entry9b.o ABSOLUTE
    ../clib/microlib/init/entry.s            0x00000000   Number         0  entry9a.o ABSOLUTE
    ../clib/microlib/init/entry.s            0x00000000   Number         0  entry11b.o ABSOLUTE
    ../clib/microlib/init/entry.s            0x00000000   Number         0  entry11a.o ABSOLUTE
    ../clib/microlib/init/entry.s            0x00000000   Number         0  entry7a.o ABSOLUTE
    ../clib/microlib/init/entry.s            0x00000000   Number         0  entry10b.o ABSOLUTE
    ../clib/microlib/init/entry.s            0x00000000   Number         0  entry7b.o ABSOLUTE
    ../clib/microlib/init/entry.s            0x00000000   Number         0  entry.o ABSOLUTE
    ../clib/microlib/longlong.c              0x00000000   Number         0  llshl.o ABSOLUTE
    ../clib/microlib/longlong.c              0x00000000   Number         0  llushr.o ABSOLUTE
    ../clib/microlib/longlong.c              0x00000000   Number         0  llsshr.o ABSOLUTE
    ../clib/microlib/printf/printf.c         0x00000000   Number         0  printf6.o ABSOLUTE
    ../clib/microlib/printf/printf.c         0x00000000   Number         0  printf7.o ABSOLUTE
    ../clib/microlib/printf/printf.c         0x00000000   Number         0  printf8.o ABSOLUTE
    ../clib/microlib/printf/printf.c         0x00000000   Number         0  printf5.o ABSOLUTE
    ../clib/microlib/printf/printf.c         0x00000000   Number         0  printf4.o ABSOLUTE
    ../clib/microlib/printf/printf.c         0x00000000   Number         0  printf3.o ABSOLUTE
    ../clib/microlib/printf/printf.c         0x00000000   Number         0  printf2.o ABSOLUTE
    ../clib/microlib/printf/printf.c         0x00000000   Number         0  printfa.o ABSOLUTE
    ../clib/microlib/printf/printf.c         0x00000000   Number         0  printfb.o ABSOLUTE
    ../clib/microlib/printf/printf.c         0x00000000   Number         0  printf1.o ABSOLUTE
    ../clib/microlib/printf/printf.c         0x00000000   Number         0  printf0.o ABSOLUTE
    ../clib/microlib/stdio/fgetc.c           0x00000000   Number         0  fgetc_b.o ABSOLUTE
    ../clib/microlib/stdio/semi.s            0x00000000   Number         0  semi.o ABSOLUTE
    ../clib/microlib/string/memcpy.c         0x00000000   Number         0  memcpyb.o ABSOLUTE
    ../clib/microlib/string/memcpy.c         0x00000000   Number         0  memcpya.o ABSOLUTE
    ../clib/microlib/string/memset.c         0x00000000   Number         0  memseta.o ABSOLUTE
    ../clib/microlib/stubs.s                 0x00000000   Number         0  iusesemig.o ABSOLUTE
    ../clib/microlib/stubs.s                 0x00000000   Number         0  iusefp.o ABSOLUTE
    ../clib/scanf.c                          0x00000000   Number         0  _scanf.o ABSOLUTE
    ../clib/scanf.c                          0x00000000   Number         0  _chval.o ABSOLUTE
    ../clib/scanf.c                          0x00000000   Number         0  _strtoul.o ABSOLUTE
    ../clib/scanf.c                          0x00000000   Number         0  atoi.o ABSOLUTE
    ../clib/scanf.c                          0x00000000   Number         0  scanf_char.o ABSOLUTE
    ../clib/scanf.c                          0x00000000   Number         0  strtol.o ABSOLUTE
    ../clib/scanf.c                          0x00000000   Number         0  scanf_char_file.o ABSOLUTE
    ../clib/scanf.c                          0x00000000   Number         0  __0scanf.o ABSOLUTE
    ../clib/scanf.c                          0x00000000   Number         0  _scanf_str.o ABSOLUTE
    ../fplib/microlib/fpadd.c                0x00000000   Number         0  dadd.o ABSOLUTE
    ../fplib/microlib/fpdiv.c                0x00000000   Number         0  ddiv.o ABSOLUTE
    ../fplib/microlib/fpepilogue.c           0x00000000   Number         0  depilogue.o ABSOLUTE
    ../fplib/microlib/fpfix.c                0x00000000   Number         0  dfixul.o ABSOLUTE
    ../fplib/microlib/fpfix.c                0x00000000   Number         0  dfixi.o ABSOLUTE
    ../fplib/microlib/fpflt.c                0x00000000   Number         0  dflti.o ABSOLUTE
    ../fplib/microlib/fpmul.c                0x00000000   Number         0  dmul.o ABSOLUTE
    ../mathlib/floor.c                       0x00000000   Number         0  floor.o ABSOLUTE
    ..\..\..\Source\ARM\irq_cm3.s            0x00000000   Number         0  irq_cm3.o ABSOLUTE
    C:\Users\Matthew Hyeun\AppData\Local\Arm\Packs\ARM\CMSIS\5.6.0\CMSIS\RTOS2\RTX\Source\rtx_lib.c 0x00000000   Number         0  rtx_lib.o ABSOLUTE
    C:\\Users\\Matthew Hyeun\\AppData\\Local\\Arm\\Packs\\ARM\\CMSIS\\5.6.0\\CMSIS\\RTOS2\\RTX\\Source\\rtx_lib.c 0x00000000   Number         0  rtx_lib.o ABSOLUTE
    RTE\CMSIS\RTX_Config.c                   0x00000000   Number         0  rtx_config.o ABSOLUTE
    RTE\Device\LPC1768\startup_LPC17xx.s     0x00000000   Number         0  startup_lpc17xx.o ABSOLUTE
    RTE\Device\LPC1768\system_LPC17xx.c      0x00000000   Number         0  system_lpc17xx.o ABSOLUTE
    RTE\\CMSIS\\RTX_Config.c                 0x00000000   Number         0  rtx_config.o ABSOLUTE
    RTE\\Device\\LPC1768\\system_LPC17xx.c   0x00000000   Number         0  system_lpc17xx.o ABSOLUTE
    Retarget.c                               0x00000000   Number         0  retarget.o ABSOLUTE
    cdrcmple.s                               0x00000000   Number         0  cdrcmple.o ABSOLUTE
    dc.s                                     0x00000000   Number         0  dc.o ABSOLUTE
    handlers.s                               0x00000000   Number         0  handlers.o ABSOLUTE
    init.s                                   0x00000000   Number         0  init.o ABSOLUTE
    main.c                                   0x00000000   Number         0  main.o ABSOLUTE
    main.c                                   0x00000000   Number         0  main.o ABSOLUTE
    os_systick.c                             0x00000000   Number         0  os_systick.o ABSOLUTE
    rtx_delay.c                              0x00000000   Number         0  rtx_delay.o ABSOLUTE
    rtx_kernel.c                             0x00000000   Number         0  rtx_kernel.o ABSOLUTE
    rtx_memory.c                             0x00000000   Number         0  rtx_memory.o ABSOLUTE
    rtx_mempool.c                            0x00000000   Number         0  rtx_mempool.o ABSOLUTE
    rtx_msgqueue.c                           0x00000000   Number         0  rtx_msgqueue.o ABSOLUTE
    rtx_mutex.c                              0x00000000   Number         0  rtx_mutex.o ABSOLUTE
    rtx_system.c                             0x00000000   Number         0  rtx_system.o ABSOLUTE
    rtx_thread.c                             0x00000000   Number         0  rtx_thread.o ABSOLUTE
    rtx_timer.c                              0x00000000   Number         0  rtx_timer.o ABSOLUTE
    uart.c                                   0x00000000   Number         0  uart.o ABSOLUTE
    uart.c                                   0x00000000   Number         0  uart.o ABSOLUTE
    .ARM.Collect$$$$00000000                 0x000000cc   Section        0  entry.o(.ARM.Collect$$$$00000000)
    .ARM.Collect$$$$00000001                 0x000000cc   Section        4  entry2.o(.ARM.Collect$$$$00000001)
    .ARM.Collect$$$$00000004                 0x000000d0   Section        4  entry5.o(.ARM.Collect$$$$00000004)
    .ARM.Collect$$$$00000008                 0x000000d4   Section        0  entry7b.o(.ARM.Collect$$$$00000008)
    .ARM.Collect$$$$0000000A                 0x000000d4   Section        0  entry8b.o(.ARM.Collect$$$$0000000A)
    .ARM.Collect$$$$0000000B                 0x000000d4   Section        8  entry9a.o(.ARM.Collect$$$$0000000B)
    .ARM.Collect$$$$0000000D                 0x000000dc   Section        0  entry10a.o(.ARM.Collect$$$$0000000D)
    .ARM.Collect$$$$0000000F                 0x000000dc   Section        0  entry11a.o(.ARM.Collect$$$$0000000F)
    .ARM.Collect$$$$00002712                 0x000000dc   Section        4  entry2.o(.ARM.Collect$$$$00002712)
    __lit__00000000                          0x000000dc   Data           4  entry2.o(.ARM.Collect$$$$00002712)
    .text                                    0x000000e0   Section       36  startup_lpc17xx.o(.text)
    .text                                    0x00000104   Section      148  irq_cm3.o(.text)
    .text                                    0x00000198   Section        0  memcpya.o(.text)
    .text                                    0x000001bc   Section        0  memseta.o(.text)
    .text                                    0x000001e0   Section        0  __0scanf.o(.text)
    .text                                    0x00000200   Section        0  _scanf_str.o(.text)
    .text                                    0x000002e0   Section        0  atoi.o(.text)
    [Anonymous Symbol]                       0x000002fa   Section        0  rtx_kernel.o(.text.osRtxKernelPreInit)
    .text                                    0x000002fa   Section        0  iusesemig.o(.text)
    .text                                    0x000002fa   Section        0  semi.o(.text)
    .text                                    0x000002fa   Section        0  iusefp.o(.text)
    .ARM.__at_0x02FC                         0x000002fc   Section        4  startup_lpc17xx.o(.ARM.__at_0x02FC)
    .text                                    0x00000300   Section        0  dflti.o(.text)
    .text                                    0x00000322   Section        0  dfixi.o(.text)
    .text                                    0x00000360   Section        0  llshl.o(.text)
    .text                                    0x0000037e   Section        0  llushr.o(.text)
    .text                                    0x0000039e   Section        0  strtol.o(.text)
    .text                                    0x00000410   Section        0  scanf_char_file.o(.text)
    .text                                    0x00000424   Section        0  depilogue.o(.text)
    .text                                    0x000004de   Section        0  dadd.o(.text)
    .text                                    0x0000062c   Section       48  cdrcmple.o(.text)
    .text                                    0x0000065c   Section       36  init.o(.text)
    .text                                    0x00000680   Section        0  fgetc_b.o(.text)
    .text                                    0x000006ac   Section        0  llsshr.o(.text)
    .text                                    0x000006d0   Section        0  ctype_o.o(.text)
    .text                                    0x000006d8   Section        0  isspace_o.o(.text)
    .text                                    0x000006ec   Section        0  scanf_char.o(.text)
    _scanf_char_input                        0x000006ed   Thumb Code    12  scanf_char.o(.text)
    .text                                    0x00000714   Section        0  _strtoul.o(.text)
    .text                                    0x000007b2   Section        0  _chval.o(.text)
    .text                                    0x000007d0   Section        0  _scanf.o(.text)
    .text                                    0x00000afc   Section        0  __dczerorl.o(.text)
    [Anonymous Symbol]                       0x00000b36   Section        0  rtx_msgqueue.o(.text.MessageQueueGet)
    MessageQueueGet                          0x00000b37   Thumb Code    68  rtx_msgqueue.o(.text.MessageQueueGet)
    [Anonymous Symbol]                       0x00000b7a   Section        0  rtx_msgqueue.o(.text.MessageQueuePut)
    MessageQueuePut                          0x00000b7b   Thumb Code    98  rtx_msgqueue.o(.text.MessageQueuePut)
    [Anonymous Symbol]                       0x00000bdc   Section        0  rtx_msgqueue.o(.text.MessageQueueRemove)
    MessageQueueRemove                       0x00000bdd   Thumb Code    28  rtx_msgqueue.o(.text.MessageQueueRemove)
    [Anonymous Symbol]                       0x00000bf8   Section        0  os_systick.o(.text.OS_Tick_AcknowledgeIRQ)
    __arm_cp.3_0                             0x00000c00   Number         4  os_systick.o(.text.OS_Tick_AcknowledgeIRQ)
    [Anonymous Symbol]                       0x00000c04   Section        0  os_systick.o(.text.OS_Tick_Enable)
    __arm_cp.1_0                             0x00000c24   Number         4  os_systick.o(.text.OS_Tick_Enable)
    __arm_cp.1_1                             0x00000c28   Number         4  os_systick.o(.text.OS_Tick_Enable)
    __arm_cp.1_2                             0x00000c2c   Number         4  os_systick.o(.text.OS_Tick_Enable)
    [Anonymous Symbol]                       0x00000c30   Section        0  os_systick.o(.text.OS_Tick_GetIRQn)
    [Anonymous Symbol]                       0x00000c38   Section        0  os_systick.o(.text.OS_Tick_Setup)
    __arm_cp.0_0                             0x00000c68   Number         4  os_systick.o(.text.OS_Tick_Setup)
    __arm_cp.0_1                             0x00000c6c   Number         4  os_systick.o(.text.OS_Tick_Setup)
    __arm_cp.0_2                             0x00000c70   Number         4  os_systick.o(.text.OS_Tick_Setup)
    __arm_cp.0_3                             0x00000c74   Number         4  os_systick.o(.text.OS_Tick_Setup)
    [Anonymous Symbol]                       0x00000c78   Section        0  rtx_thread.o(.text.ThreadFlagsCheck)
    ThreadFlagsCheck                         0x00000c79   Thumb Code   106  rtx_thread.o(.text.ThreadFlagsCheck)
    [Anonymous Symbol]                       0x00000ce4   Section        0  rtx_timer.o(.text.TimerInsert)
    TimerInsert                              0x00000ce5   Thumb Code    80  rtx_timer.o(.text.TimerInsert)
    __arm_cp.8_0                             0x00000d30   Number         4  rtx_timer.o(.text.TimerInsert)
    [Anonymous Symbol]                       0x00000d34   Section        0  rtx_delay.o(.text.osDelay)
    __arm_cp.0_0                             0x00000d54   Number         4  rtx_delay.o(.text.osDelay)
    [Anonymous Symbol]                       0x00000d58   Section        0  rtx_kernel.o(.text.osKernelInitialize)
    __arm_cp.1_0                             0x00000d80   Number         4  rtx_kernel.o(.text.osKernelInitialize)
    [Anonymous Symbol]                       0x00000d84   Section        0  rtx_kernel.o(.text.osKernelStart)
    __arm_cp.6_0                             0x00000da4   Number         4  rtx_kernel.o(.text.osKernelStart)
    [Anonymous Symbol]                       0x00000da8   Section        0  rtx_msgqueue.o(.text.osMessageQueueGet)
    __arm_cp.3_0                             0x00000e10   Number         4  rtx_msgqueue.o(.text.osMessageQueueGet)
    [Anonymous Symbol]                       0x00000e14   Section        0  rtx_msgqueue.o(.text.osMessageQueueNew)
    __arm_cp.0_0                             0x00000e34   Number         4  rtx_msgqueue.o(.text.osMessageQueueNew)
    [Anonymous Symbol]                       0x00000e38   Section        0  rtx_msgqueue.o(.text.osMessageQueuePut)
    __arm_cp.2_0                             0x00000eac   Number         4  rtx_msgqueue.o(.text.osMessageQueuePut)
    [Anonymous Symbol]                       0x00000eb0   Section        0  rtx_memory.o(.text.osRtxMemoryAlloc)
    [Anonymous Symbol]                       0x00000f30   Section        0  rtx_memory.o(.text.osRtxMemoryFree)
    [Anonymous Symbol]                       0x00000f82   Section        0  rtx_memory.o(.text.osRtxMemoryInit)
    [Anonymous Symbol]                       0x00000fb8   Section        0  rtx_mempool.o(.text.osRtxMemoryPoolAlloc)
    [Anonymous Symbol]                       0x00000ff2   Section        0  rtx_mempool.o(.text.osRtxMemoryPoolFree)
    [Anonymous Symbol]                       0x0000103c   Section        0  rtx_mempool.o(.text.osRtxMemoryPoolInit)
    [Anonymous Symbol]                       0x00001082   Section        0  rtx_msgqueue.o(.text.osRtxMessageQueuePostProcess)
    osRtxMessageQueuePostProcess             0x00001083   Thumb Code   186  rtx_msgqueue.o(.text.osRtxMessageQueuePostProcess)
    [Anonymous Symbol]                       0x0000113c   Section        0  rtx_mutex.o(.text.osRtxMutexOwnerRelease)
    [Anonymous Symbol]                       0x00001188   Section        0  rtx_system.o(.text.osRtxPendSV_Handler)
    __arm_cp.1_0                             0x00001214   Number         4  rtx_system.o(.text.osRtxPendSV_Handler)
    [Anonymous Symbol]                       0x00001218   Section        0  rtx_system.o(.text.osRtxPostProcess)
    __arm_cp.2_0                             0x00001284   Number         4  rtx_system.o(.text.osRtxPostProcess)
    __arm_cp.2_1                             0x00001288   Number         4  rtx_system.o(.text.osRtxPostProcess)
    [Anonymous Symbol]                       0x0000128c   Section        0  rtx_thread.o(.text.osRtxThreadBlock)
    osRtxThreadBlock                         0x0000128d   Thumb Code    56  rtx_thread.o(.text.osRtxThreadBlock)
    __arm_cp.10_0                            0x000012c0   Number         4  rtx_thread.o(.text.osRtxThreadBlock)
    [Anonymous Symbol]                       0x000012c4   Section        0  rtx_thread.o(.text.osRtxThreadDelayInsert)
    osRtxThreadDelayInsert                   0x000012c5   Thumb Code   136  rtx_thread.o(.text.osRtxThreadDelayInsert)
    __arm_cp.14_0                            0x00001348   Number         4  rtx_thread.o(.text.osRtxThreadDelayInsert)
    [Anonymous Symbol]                       0x0000134c   Section        0  rtx_thread.o(.text.osRtxThreadDelayRemove)
    osRtxThreadDelayRemove                   0x0000134d   Thumb Code    60  rtx_thread.o(.text.osRtxThreadDelayRemove)
    __arm_cp.12_0                            0x00001384   Number         4  rtx_thread.o(.text.osRtxThreadDelayRemove)
    [Anonymous Symbol]                       0x00001388   Section        0  rtx_thread.o(.text.osRtxThreadDelayTick)
    __arm_cp.5_0                             0x000013b8   Number         4  rtx_thread.o(.text.osRtxThreadDelayTick)
    [Anonymous Symbol]                       0x000013bc   Section        0  rtx_thread.o(.text.osRtxThreadDispatch)
    __arm_cp.9_0                             0x00001414   Number         4  rtx_thread.o(.text.osRtxThreadDispatch)
    [Anonymous Symbol]                       0x00001418   Section        0  rtx_thread.o(.text.osRtxThreadFree)
    osRtxThreadFree                          0x00001419   Thumb Code    88  rtx_thread.o(.text.osRtxThreadFree)
    __arm_cp.52_0                            0x0000146c   Number         4  rtx_thread.o(.text.osRtxThreadFree)
    [Anonymous Symbol]                       0x00001470   Section        0  rtx_thread.o(.text.osRtxThreadListGet)
    [Anonymous Symbol]                       0x00001484   Section        0  rtx_thread.o(.text.osRtxThreadListPut)
    [Anonymous Symbol]                       0x000014ae   Section        0  rtx_thread.o(.text.osRtxThreadListRemove)
    [Anonymous Symbol]                       0x000014c2   Section        0  rtx_thread.o(.text.osRtxThreadPostProcess)
    osRtxThreadPostProcess                   0x000014c3   Thumb Code    42  rtx_thread.o(.text.osRtxThreadPostProcess)
    [Anonymous Symbol]                       0x000014ec   Section        0  rtx_thread.o(.text.osRtxThreadReadyPut)
    __arm_cp.4_0                             0x000014fc   Number         4  rtx_thread.o(.text.osRtxThreadReadyPut)
    [Anonymous Symbol]                       0x00001500   Section        0  rtx_thread.o(.text.osRtxThreadRegPtr)
    [Anonymous Symbol]                       0x00001508   Section        0  rtx_thread.o(.text.osRtxThreadStackCheck)
    __arm_cp.8_0                             0x00001528   Number         4  rtx_thread.o(.text.osRtxThreadStackCheck)
    __arm_cp.8_1                             0x0000152c   Number         4  rtx_thread.o(.text.osRtxThreadStackCheck)
    [Anonymous Symbol]                       0x00001530   Section        0  rtx_thread.o(.text.osRtxThreadStartup)
    __arm_cp.15_0                            0x00001560   Number         4  rtx_thread.o(.text.osRtxThreadStartup)
    __arm_cp.15_1                            0x00001564   Number         4  rtx_thread.o(.text.osRtxThreadStartup)
    __arm_cp.15_2                            0x00001568   Number         4  rtx_thread.o(.text.osRtxThreadStartup)
    __arm_cp.15_3                            0x0000156c   Number         4  rtx_thread.o(.text.osRtxThreadStartup)
    [Anonymous Symbol]                       0x00001570   Section        0  rtx_thread.o(.text.osRtxThreadSwitch)
    __arm_cp.7_0                             0x0000157c   Number         4  rtx_thread.o(.text.osRtxThreadSwitch)
    [Anonymous Symbol]                       0x00001580   Section        0  rtx_thread.o(.text.osRtxThreadWaitEnter)
    __arm_cp.13_0                            0x000015b8   Number         4  rtx_thread.o(.text.osRtxThreadWaitEnter)
    [Anonymous Symbol]                       0x000015bc   Section        0  rtx_thread.o(.text.osRtxThreadWaitExit)
    [Anonymous Symbol]                       0x000015e0   Section        0  rtx_system.o(.text.osRtxTick_Handler)
    __arm_cp.0_0                             0x0000164c   Number         4  rtx_system.o(.text.osRtxTick_Handler)
    [Anonymous Symbol]                       0x00001650   Section        0  rtx_timer.o(.text.osRtxTimerThread)
    __arm_cp.0_0                             0x00001680   Number         4  rtx_timer.o(.text.osRtxTimerThread)
    __arm_cp.0_1                             0x00001684   Number         4  rtx_timer.o(.text.osRtxTimerThread)
    __arm_cp.0_2                             0x00001688   Number         4  rtx_timer.o(.text.osRtxTimerThread)
    [Anonymous Symbol]                       0x0000168c   Section        0  rtx_timer.o(.text.osRtxTimerTick)
    osRtxTimerTick                           0x0000168d   Thumb Code    88  rtx_timer.o(.text.osRtxTimerTick)
    __arm_cp.1_0                             0x000016e0   Number         4  rtx_timer.o(.text.osRtxTimerTick)
    [Anonymous Symbol]                       0x000016e4   Section        0  rtx_thread.o(.text.osThreadExit)
    __arm_cp.31_0                            0x000016ec   Number         4  rtx_thread.o(.text.osThreadExit)
    [Anonymous Symbol]                       0x000016f0   Section        0  rtx_thread.o(.text.osThreadNew)
    __arm_cp.17_0                            0x00001710   Number         4  rtx_thread.o(.text.osThreadNew)
    [Anonymous Symbol]                       0x00001714   Section        0  rtx_thread.o(.text.osThreadYield)
    __arm_cp.26_0                            0x00001734   Number         4  rtx_thread.o(.text.osThreadYield)
    [Anonymous Symbol]                       0x00001738   Section        0  rtx_delay.o(.text.svcRtxDelay)
    svcRtxDelay                              0x00001739   Thumb Code    20  rtx_delay.o(.text.svcRtxDelay)
    [Anonymous Symbol]                       0x0000174c   Section        0  rtx_kernel.o(.text.svcRtxKernelInitialize)
    svcRtxKernelInitialize                   0x0000174d   Thumb Code   340  rtx_kernel.o(.text.svcRtxKernelInitialize)
    __arm_cp.20_0                            0x00001894   Number         4  rtx_kernel.o(.text.svcRtxKernelInitialize)
    __arm_cp.20_1                            0x00001898   Number         4  rtx_kernel.o(.text.svcRtxKernelInitialize)
    __arm_cp.20_2                            0x0000189c   Number         4  rtx_kernel.o(.text.svcRtxKernelInitialize)
    [Anonymous Symbol]                       0x000018a0   Section        0  rtx_kernel.o(.text.svcRtxKernelStart)
    svcRtxKernelStart                        0x000018a1   Thumb Code   136  rtx_kernel.o(.text.svcRtxKernelStart)
    __arm_cp.21_0                            0x00001918   Number         4  rtx_kernel.o(.text.svcRtxKernelStart)
    __arm_cp.21_1                            0x0000191c   Number         4  rtx_kernel.o(.text.svcRtxKernelStart)
    __arm_cp.21_2                            0x00001920   Number         4  rtx_kernel.o(.text.svcRtxKernelStart)
    __arm_cp.21_3                            0x00001924   Number         4  rtx_kernel.o(.text.svcRtxKernelStart)
    [Anonymous Symbol]                       0x00001928   Section        0  rtx_msgqueue.o(.text.svcRtxMessageQueueGet)
    svcRtxMessageQueueGet                    0x00001929   Thumb Code   224  rtx_msgqueue.o(.text.svcRtxMessageQueueGet)
    __arm_cp.21_0                            0x00001a04   Number         4  rtx_msgqueue.o(.text.svcRtxMessageQueueGet)
    [Anonymous Symbol]                       0x00001a08   Section        0  rtx_msgqueue.o(.text.svcRtxMessageQueueNew)
    svcRtxMessageQueueNew                    0x00001a09   Thumb Code   308  rtx_msgqueue.o(.text.svcRtxMessageQueueNew)
    __arm_cp.14_0                            0x00001b34   Number         4  rtx_msgqueue.o(.text.svcRtxMessageQueueNew)
    __arm_cp.14_1                            0x00001b38   Number         4  rtx_msgqueue.o(.text.svcRtxMessageQueueNew)
    [Anonymous Symbol]                       0x00001b3c   Section        0  rtx_msgqueue.o(.text.svcRtxMessageQueuePut)
    svcRtxMessageQueuePut                    0x00001b3d   Thumb Code   192  rtx_msgqueue.o(.text.svcRtxMessageQueuePut)
    __arm_cp.19_0                            0x00001bf8   Number         4  rtx_msgqueue.o(.text.svcRtxMessageQueuePut)
    [Anonymous Symbol]                       0x00001bfc   Section        0  rtx_thread.o(.text.svcRtxThreadExit)
    svcRtxThreadExit                         0x00001bfd   Thumb Code   112  rtx_thread.o(.text.svcRtxThreadExit)
    __arm_cp.54_0                            0x00001c68   Number         4  rtx_thread.o(.text.svcRtxThreadExit)
    [Anonymous Symbol]                       0x00001c6c   Section        0  rtx_thread.o(.text.svcRtxThreadNew)
    svcRtxThreadNew                          0x00001c6d   Thumb Code   476  rtx_thread.o(.text.svcRtxThreadNew)
    __arm_cp.16_0                            0x00001e34   Number         4  rtx_thread.o(.text.svcRtxThreadNew)
    __arm_cp.16_1                            0x00001e38   Number         4  rtx_thread.o(.text.svcRtxThreadNew)
    __arm_cp.16_2                            0x00001e3c   Number         4  rtx_thread.o(.text.svcRtxThreadNew)
    __arm_cp.16_3                            0x00001e40   Number         4  rtx_thread.o(.text.svcRtxThreadNew)
    __arm_cp.16_4                            0x00001e44   Number         4  rtx_thread.o(.text.svcRtxThreadNew)
    [Anonymous Symbol]                       0x00001e48   Section        0  rtx_thread.o(.text.svcRtxThreadYield)
    svcRtxThreadYield                        0x00001e49   Thumb Code    56  rtx_thread.o(.text.svcRtxThreadYield)
    __arm_cp.47_0                            0x00001e7c   Number         4  rtx_thread.o(.text.svcRtxThreadYield)
    i.Free                                   0x00001e80   Section        0  uart.o(i.Free)
    i.FreeRcv                                0x00001e88   Section        0  uart.o(i.FreeRcv)
    i.FreeSnd                                0x00001eac   Section        0  uart.o(i.FreeSnd)
    i.SystemInit                             0x00001ed0   Section        0  system_lpc17xx.o(i.SystemInit)
    i.UART0_IRQHandler                       0x00002010   Section        0  uart.o(i.UART0_IRQHandler)
    i.UART1_IRQHandler                       0x00002078   Section        0  uart.o(i.UART1_IRQHandler)
    i.UARTInit                               0x000020e8   Section        0  uart.o(i.UARTInit)
    i.UARTReceiveChar                        0x000021a4   Section        0  uart.o(i.UARTReceiveChar)
    i.UARTSendChar                           0x000021c8   Section        0  uart.o(i.UARTSendChar)
    i.__0printf$bare                         0x000021ec   Section        0  printfb.o(i.__0printf$bare)
    i.__NVIC_EnableIRQ                       0x000021fc   Section        0  uart.o(i.__NVIC_EnableIRQ)
    __NVIC_EnableIRQ                         0x000021fd   Thumb Code    34  uart.o(i.__NVIC_EnableIRQ)
    i.__aeabi_errno_addr                     0x00002220   Section        0  errno.o(i.__aeabi_errno_addr)
    i.__scatterload_copy                     0x00002228   Section       14  handlers.o(i.__scatterload_copy)
    i.__scatterload_null                     0x00002236   Section        2  handlers.o(i.__scatterload_null)
    i.__scatterload_zeroinit                 0x00002238   Section       14  handlers.o(i.__scatterload_zeroinit)
    i._printf_core                           0x00002246   Section        0  printfb.o(i._printf_core)
    _printf_core                             0x00002247   Thumb Code    34  printfb.o(i._printf_core)
    i.fgetc                                  0x00002268   Section        0  retarget.o(i.fgetc)
    i.floor                                  0x0000227c   Section        0  floor.o(i.floor)
    i.fputc                                  0x00002358   Section        0  retarget.o(i.fputc)
    i.getFrequency                           0x00002368   Section        0  uart.o(i.getFrequency)
    i.getkey                                 0x000023b0   Section        0  retarget.o(i.getkey)
    i.main                                   0x000023d4   Section        0  main.o(i.main)
    i.osRtxErrorNotify                       0x0000240c   Section        0  rtx_config.o(i.osRtxErrorNotify)
    i.osRtxIdleThread                        0x0000242c   Section        0  rtx_config.o(i.osRtxIdleThread)
    i.read_ADC                               0x00002430   Section        0  main.o(i.read_ADC)
    i.read_joystick                          0x00002624   Section        0  main.o(i.read_joystick)
    i.sendchar                               0x000026ec   Section        0  retarget.o(i.sendchar)
    i.toggle_LED                             0x00002730   Section        0  main.o(i.toggle_LED)
    .constdata                               0x00002808   Section      100  rtx_lib.o(.constdata)
    os_idle_thread_attr                      0x00002808   Data          36  rtx_lib.o(.constdata)
    os_timer_thread_attr                     0x0000282c   Data          36  rtx_lib.o(.constdata)
    os_timer_mq_attr                         0x00002850   Data          24  rtx_lib.o(.constdata)
    .constdata                               0x0000286c   Section      129  ctype_o.o(.constdata)
    .constdata                               0x000028f0   Section        4  ctype_o.o(.constdata)
    table                                    0x000028f0   Data           4  ctype_o.o(.constdata)
    .rodata                                  0x000028f4   Section      160  rtx_lib.o(.rodata)
    __tagsym$$used                           0x000028f4   Number         0  rtx_lib.o(.rodata)
    __tagsym$$used                           0x0000295c   Number         0  rtx_lib.o(.rodata)
    [Anonymous Symbol]                       0x00002994   Section        0  rtx_kernel.o(.rodata.str1.4)
    .L.str                                   0x00002994   Data          11  rtx_kernel.o(.rodata.str1.4)
    .bss.os                                  0x10000000   Section     4160  rtx_lib.o(.bss.os)
    os_mem                                   0x10000000   Data        4096  rtx_lib.o(.bss.os)
    os_isr_queue                             0x10001000   Data          64  rtx_lib.o(.bss.os)
    .bss.os.msgqueue.cb                      0x10001040   Section       52  rtx_lib.o(.bss.os.msgqueue.cb)
    os_timer_mq_cb                           0x10001040   Data          52  rtx_lib.o(.bss.os.msgqueue.cb)
    .bss.os.msgqueue.mem                     0x10001074   Section       80  rtx_lib.o(.bss.os.msgqueue.mem)
    os_timer_mq_data                         0x10001074   Data          80  rtx_lib.o(.bss.os.msgqueue.mem)
    .bss.os.thread.cb                        0x100010c4   Section      136  rtx_lib.o(.bss.os.thread.cb)
    os_idle_thread_cb                        0x100010c4   Data          68  rtx_lib.o(.bss.os.thread.cb)
    os_timer_thread_cb                       0x10001108   Data          68  rtx_lib.o(.bss.os.thread.cb)
    .bss.os.thread.stack                     0x10001150   Section      512  rtx_lib.o(.bss.os.thread.stack)
    os_idle_thread_stack                     0x10001150   Data         256  rtx_lib.o(.bss.os.thread.stack)
    os_timer_thread_stack                    0x10001250   Data         256  rtx_lib.o(.bss.os.thread.stack)
    .data                                    0x10001350   Section       32  uart.o(.data)
    .data                                    0x10001370   Section       12  retarget.o(.data)
    .data                                    0x1000137c   Section        4  system_lpc17xx.o(.data)
    .data                                    0x10001380   Section        4  errno.o(.data)
    _errno                                   0x10001380   Data           4  errno.o(.data)
    .data                                    0x10001384   Section        3  fgetc_b.o(.data)
    ungetc_sp                                0x10001384   Data           1  fgetc_b.o(.data)
    ungetc_stack                             0x10001385   Data           2  fgetc_b.o(.data)
    .bss                                     0x1000142c   Section      128  uart.o(.bss)
    [Anonymous Symbol]                       0x100014ac   Section        0  os_systick.o(.bss.PendST)
    PendST                                   0x100014ac   Data           1  os_systick.o(.bss.PendST)
    STACK                                    0x100014b0   Section     8192  startup_lpc17xx.o(STACK)

    Global Symbols

    Symbol Name                              Value     Ov Type        Size  Object(Section)

    BuildAttributes$$THM_ISAv4$P$D$K$B$S$PE$A:L22UL41UL21$X:L11$S22US41US21$IEEE1$IW$~IW$USESV6$~STKCKD$USESV7$~SHL$OTIME$ROPI$IEEEJ$EBA8$MICROLIB$REQ8$PRES8$EABIv2 0x00000000   Number         0  anon$$obj.o ABSOLUTE
    __ARM_use_no_argv                        0x00000000   Number         0  main.o ABSOLUTE
    __Vectors                                0x00000000   Data           4  startup_lpc17xx.o(RESET)
    .bss.os.evflags.cb$$Base                  - Undefined Weak Reference
    .bss.os.evflags.cb$$Limit                 - Undefined Weak Reference
    .bss.os.mempool.cb$$Base                  - Undefined Weak Reference
    .bss.os.mempool.cb$$Limit                 - Undefined Weak Reference
    .bss.os.mutex.cb$$Base                    - Undefined Weak Reference
    .bss.os.mutex.cb$$Limit                   - Undefined Weak Reference
    .bss.os.semaphore.cb$$Base                - Undefined Weak Reference
    .bss.os.semaphore.cb$$Limit               - Undefined Weak Reference
    .bss.os.timer.cb$$Base                    - Undefined Weak Reference
    .bss.os.timer.cb$$Limit                   - Undefined Weak Reference
    __cpp_initialize__aeabi_                  - Undefined Weak Reference
    __cxa_finalize                            - Undefined Weak Reference
    _clock_init                               - Undefined Weak Reference
    _microlib_exit                            - Undefined Weak Reference
    _scanf_int                                - Undefined Weak Reference
    _scanf_longlong                           - Undefined Weak Reference
    _scanf_real                               - Undefined Weak Reference
    __main                                   0x000000cd   Thumb Code     0  entry.o(.ARM.Collect$$$$00000000)
    _main_stk                                0x000000cd   Thumb Code     0  entry2.o(.ARM.Collect$$$$00000001)
    _main_scatterload                        0x000000d1   Thumb Code     0  entry5.o(.ARM.Collect$$$$00000004)
    __main_after_scatterload                 0x000000d5   Thumb Code     0  entry5.o(.ARM.Collect$$$$00000004)
    _main_clock                              0x000000d5   Thumb Code     0  entry7b.o(.ARM.Collect$$$$00000008)
    _main_cpp_init                           0x000000d5   Thumb Code     0  entry8b.o(.ARM.Collect$$$$0000000A)
    _main_init                               0x000000d5   Thumb Code     0  entry9a.o(.ARM.Collect$$$$0000000B)
    __rt_final_cpp                           0x000000dd   Thumb Code     0  entry10a.o(.ARM.Collect$$$$0000000D)
    __rt_final_exit                          0x000000dd   Thumb Code     0  entry11a.o(.ARM.Collect$$$$0000000F)
    Reset_Handler                            0x000000e1   Thumb Code     8  startup_lpc17xx.o(.text)
    NMI_Handler                              0x000000e9   Thumb Code     2  startup_lpc17xx.o(.text)
    HardFault_Handler                        0x000000eb   Thumb Code     2  startup_lpc17xx.o(.text)
    MemManage_Handler                        0x000000ed   Thumb Code     2  startup_lpc17xx.o(.text)
    BusFault_Handler                         0x000000ef   Thumb Code     2  startup_lpc17xx.o(.text)
    UsageFault_Handler                       0x000000f1   Thumb Code     2  startup_lpc17xx.o(.text)
    DebugMon_Handler                         0x000000f5   Thumb Code     2  startup_lpc17xx.o(.text)
    ADC_IRQHandler                           0x000000fb   Thumb Code     0  startup_lpc17xx.o(.text)
    BOD_IRQHandler                           0x000000fb   Thumb Code     0  startup_lpc17xx.o(.text)
    CANActivity_IRQHandler                   0x000000fb   Thumb Code     0  startup_lpc17xx.o(.text)
    CAN_IRQHandler                           0x000000fb   Thumb Code     0  startup_lpc17xx.o(.text)
    DMA_IRQHandler                           0x000000fb   Thumb Code     0  startup_lpc17xx.o(.text)
    EINT0_IRQHandler                         0x000000fb   Thumb Code     0  startup_lpc17xx.o(.text)
    EINT1_IRQHandler                         0x000000fb   Thumb Code     0  startup_lpc17xx.o(.text)
    EINT2_IRQHandler                         0x000000fb   Thumb Code     0  startup_lpc17xx.o(.text)
    EINT3_IRQHandler                         0x000000fb   Thumb Code     0  startup_lpc17xx.o(.text)
    ENET_IRQHandler                          0x000000fb   Thumb Code     0  startup_lpc17xx.o(.text)
    I2C0_IRQHandler                          0x000000fb   Thumb Code     0  startup_lpc17xx.o(.text)
    I2C1_IRQHandler                          0x000000fb   Thumb Code     0  startup_lpc17xx.o(.text)
    I2C2_IRQHandler                          0x000000fb   Thumb Code     0  startup_lpc17xx.o(.text)
    I2S_IRQHandler                           0x000000fb   Thumb Code     0  startup_lpc17xx.o(.text)
    MCPWM_IRQHandler                         0x000000fb   Thumb Code     0  startup_lpc17xx.o(.text)
    PLL0_IRQHandler                          0x000000fb   Thumb Code     0  startup_lpc17xx.o(.text)
    PLL1_IRQHandler                          0x000000fb   Thumb Code     0  startup_lpc17xx.o(.text)
    PWM1_IRQHandler                          0x000000fb   Thumb Code     0  startup_lpc17xx.o(.text)
    QEI_IRQHandler                           0x000000fb   Thumb Code     0  startup_lpc17xx.o(.text)
    RIT_IRQHandler                           0x000000fb   Thumb Code     0  startup_lpc17xx.o(.text)
    RTC_IRQHandler                           0x000000fb   Thumb Code     0  startup_lpc17xx.o(.text)
    SPI_IRQHandler                           0x000000fb   Thumb Code     0  startup_lpc17xx.o(.text)
    SSP0_IRQHandler                          0x000000fb   Thumb Code     0  startup_lpc17xx.o(.text)
    SSP1_IRQHandler                          0x000000fb   Thumb Code     0  startup_lpc17xx.o(.text)
    TIMER0_IRQHandler                        0x000000fb   Thumb Code     0  startup_lpc17xx.o(.text)
    TIMER1_IRQHandler                        0x000000fb   Thumb Code     0  startup_lpc17xx.o(.text)
    TIMER2_IRQHandler                        0x000000fb   Thumb Code     0  startup_lpc17xx.o(.text)
    TIMER3_IRQHandler                        0x000000fb   Thumb Code     0  startup_lpc17xx.o(.text)
    UART2_IRQHandler                         0x000000fb   Thumb Code     0  startup_lpc17xx.o(.text)
    UART3_IRQHandler                         0x000000fb   Thumb Code     0  startup_lpc17xx.o(.text)
    USBActivity_IRQHandler                   0x000000fb   Thumb Code     0  startup_lpc17xx.o(.text)
    USB_IRQHandler                           0x000000fb   Thumb Code     0  startup_lpc17xx.o(.text)
    WDT_IRQHandler                           0x000000fb   Thumb Code     0  startup_lpc17xx.o(.text)
    SVC_Handler                              0x00000105   Thumb Code   108  irq_cm3.o(.text)
    PendSV_Handler                           0x00000171   Thumb Code    16  irq_cm3.o(.text)
    SysTick_Handler                          0x00000181   Thumb Code    16  irq_cm3.o(.text)
    __aeabi_memcpy                           0x00000199   Thumb Code    36  memcpya.o(.text)
    __aeabi_memcpy4                          0x00000199   Thumb Code     0  memcpya.o(.text)
    __aeabi_memcpy8                          0x00000199   Thumb Code     0  memcpya.o(.text)
    __aeabi_memset                           0x000001bd   Thumb Code    14  memseta.o(.text)
    __aeabi_memset4                          0x000001bd   Thumb Code     0  memseta.o(.text)
    __aeabi_memset8                          0x000001bd   Thumb Code     0  memseta.o(.text)
    __aeabi_memclr                           0x000001cb   Thumb Code     4  memseta.o(.text)
    __aeabi_memclr4                          0x000001cb   Thumb Code     0  memseta.o(.text)
    __aeabi_memclr8                          0x000001cb   Thumb Code     0  memseta.o(.text)
    _memset$wrapper                          0x000001cf   Thumb Code    18  memseta.o(.text)
    __0scanf                                 0x000001e1   Thumb Code    26  __0scanf.o(.text)
    _scanf_string                            0x00000201   Thumb Code   224  _scanf_str.o(.text)
    atoi                                     0x000002e1   Thumb Code    26  atoi.o(.text)
    __I$use$fp                               0x000002fb   Thumb Code     0  iusefp.o(.text)
    __I$use$semihosting$fgetc                0x000002fb   Thumb Code     0  iusesemig.o(.text)
    __semihosting_library_function           0x000002fb   Thumb Code     0  semi.o(.text)
    osRtxKernelPreInit                       0x000002fb   Thumb Code     2  rtx_kernel.o(.text.osRtxKernelPreInit)
    __aeabi_i2d                              0x00000301   Thumb Code    34  dflti.o(.text)
    __aeabi_d2iz                             0x00000323   Thumb Code    62  dfixi.o(.text)
    __aeabi_llsl                             0x00000361   Thumb Code    30  llshl.o(.text)
    _ll_shift_l                              0x00000361   Thumb Code     0  llshl.o(.text)
    __aeabi_llsr                             0x0000037f   Thumb Code    32  llushr.o(.text)
    _ll_ushift_r                             0x0000037f   Thumb Code     0  llushr.o(.text)
    strtol                                   0x0000039f   Thumb Code   112  strtol.o(.text)
    __vfscanf_char_file                      0x00000411   Thumb Code    12  scanf_char_file.o(.text)
    _double_round                            0x00000425   Thumb Code    30  depilogue.o(.text)
    _double_epilogue                         0x00000443   Thumb Code   156  depilogue.o(.text)
    __aeabi_dadd                             0x000004df   Thumb Code   322  dadd.o(.text)
    __aeabi_dsub                             0x00000621   Thumb Code     6  dadd.o(.text)
    __aeabi_drsub                            0x00000627   Thumb Code     6  dadd.o(.text)
    __aeabi_cdrcmple                         0x0000062d   Thumb Code    48  cdrcmple.o(.text)
    __scatterload                            0x0000065d   Thumb Code    28  init.o(.text)
    __scatterload_rt2                        0x0000065d   Thumb Code     0  init.o(.text)
    _fgetc$bs                                0x00000681   Thumb Code    28  fgetc_b.o(.text)
    __backspace                              0x0000069d   Thumb Code    10  fgetc_b.o(.text)
    __aeabi_lasr                             0x000006ad   Thumb Code    36  llsshr.o(.text)
    _ll_sshift_r                             0x000006ad   Thumb Code     0  llsshr.o(.text)
    __rt_ctype_table                         0x000006d1   Thumb Code     4  ctype_o.o(.text)
    isspace                                  0x000006d9   Thumb Code    18  isspace_o.o(.text)
    __vfscanf_char                           0x000006f9   Thumb Code    20  scanf_char.o(.text)
    _strtoul                                 0x00000715   Thumb Code   158  _strtoul.o(.text)
    _chval                                   0x000007b3   Thumb Code    28  _chval.o(.text)
    __vfscanf                                0x000007d1   Thumb Code   808  _scanf.o(.text)
    __decompress                             0x00000afd   Thumb Code     0  __dczerorl.o(.text)
    __decompress0                            0x00000afd   Thumb Code    58  __dczerorl.o(.text)
    OS_Tick_AcknowledgeIRQ                   0x00000bf9   Thumb Code    12  os_systick.o(.text.OS_Tick_AcknowledgeIRQ)
    OS_Tick_Enable                           0x00000c05   Thumb Code    44  os_systick.o(.text.OS_Tick_Enable)
    OS_Tick_GetIRQn                          0x00000c31   Thumb Code     6  os_systick.o(.text.OS_Tick_GetIRQn)
    OS_Tick_Setup                            0x00000c39   Thumb Code    64  os_systick.o(.text.OS_Tick_Setup)
    osDelay                                  0x00000d35   Thumb Code    36  rtx_delay.o(.text.osDelay)
    osKernelInitialize                       0x00000d59   Thumb Code    44  rtx_kernel.o(.text.osKernelInitialize)
    osKernelStart                            0x00000d85   Thumb Code    36  rtx_kernel.o(.text.osKernelStart)
    osMessageQueueGet                        0x00000da9   Thumb Code   108  rtx_msgqueue.o(.text.osMessageQueueGet)
    osMessageQueueNew                        0x00000e15   Thumb Code    36  rtx_msgqueue.o(.text.osMessageQueueNew)
    osMessageQueuePut                        0x00000e39   Thumb Code   120  rtx_msgqueue.o(.text.osMessageQueuePut)
    osRtxMemoryAlloc                         0x00000eb1   Thumb Code   128  rtx_memory.o(.text.osRtxMemoryAlloc)
    osRtxMemoryFree                          0x00000f31   Thumb Code    82  rtx_memory.o(.text.osRtxMemoryFree)
    osRtxMemoryInit                          0x00000f83   Thumb Code    54  rtx_memory.o(.text.osRtxMemoryInit)
    osRtxMemoryPoolAlloc                     0x00000fb9   Thumb Code    58  rtx_mempool.o(.text.osRtxMemoryPoolAlloc)
    osRtxMemoryPoolFree                      0x00000ff3   Thumb Code    74  rtx_mempool.o(.text.osRtxMemoryPoolFree)
    osRtxMemoryPoolInit                      0x0000103d   Thumb Code    70  rtx_mempool.o(.text.osRtxMemoryPoolInit)
    osRtxMutexOwnerRelease                   0x0000113d   Thumb Code    74  rtx_mutex.o(.text.osRtxMutexOwnerRelease)
    osRtxPendSV_Handler                      0x00001189   Thumb Code   144  rtx_system.o(.text.osRtxPendSV_Handler)
    osRtxPostProcess                         0x00001219   Thumb Code   116  rtx_system.o(.text.osRtxPostProcess)
    osRtxThreadDelayTick                     0x00001389   Thumb Code    52  rtx_thread.o(.text.osRtxThreadDelayTick)
    osRtxThreadDispatch                      0x000013bd   Thumb Code    92  rtx_thread.o(.text.osRtxThreadDispatch)
    osRtxThreadListGet                       0x00001471   Thumb Code    20  rtx_thread.o(.text.osRtxThreadListGet)
    osRtxThreadListPut                       0x00001485   Thumb Code    42  rtx_thread.o(.text.osRtxThreadListPut)
    osRtxThreadListRemove                    0x000014af   Thumb Code    20  rtx_thread.o(.text.osRtxThreadListRemove)
    osRtxThreadReadyPut                      0x000014ed   Thumb Code    20  rtx_thread.o(.text.osRtxThreadReadyPut)
    osRtxThreadRegPtr                        0x00001501   Thumb Code     6  rtx_thread.o(.text.osRtxThreadRegPtr)
    osRtxThreadStackCheck                    0x00001509   Thumb Code    40  rtx_thread.o(.text.osRtxThreadStackCheck)
    osRtxThreadStartup                       0x00001531   Thumb Code    64  rtx_thread.o(.text.osRtxThreadStartup)
    osRtxThreadSwitch                        0x00001571   Thumb Code    16  rtx_thread.o(.text.osRtxThreadSwitch)
    osRtxThreadWaitEnter                     0x00001581   Thumb Code    60  rtx_thread.o(.text.osRtxThreadWaitEnter)
    osRtxThreadWaitExit                      0x000015bd   Thumb Code    36  rtx_thread.o(.text.osRtxThreadWaitExit)
    osRtxTick_Handler                        0x000015e1   Thumb Code   112  rtx_system.o(.text.osRtxTick_Handler)
    osRtxTimerThread                         0x00001651   Thumb Code    60  rtx_timer.o(.text.osRtxTimerThread)
    osThreadExit                             0x000016e5   Thumb Code    12  rtx_thread.o(.text.osThreadExit)
    osThreadNew                              0x000016f1   Thumb Code    36  rtx_thread.o(.text.osThreadNew)
    osThreadYield                            0x00001715   Thumb Code    36  rtx_thread.o(.text.osThreadYield)
    Free                                     0x00001e81   Thumb Code     6  uart.o(i.Free)
    FreeRcv                                  0x00001e89   Thumb Code    28  uart.o(i.FreeRcv)
    FreeSnd                                  0x00001ead   Thumb Code    28  uart.o(i.FreeSnd)
    SystemInit                               0x00001ed1   Thumb Code   302  system_lpc17xx.o(i.SystemInit)
    UART0_IRQHandler                         0x00002011   Thumb Code    88  uart.o(i.UART0_IRQHandler)
    UART1_IRQHandler                         0x00002079   Thumb Code    90  uart.o(i.UART1_IRQHandler)
    UARTInit                                 0x000020e9   Thumb Code   176  uart.o(i.UARTInit)
    UARTReceiveChar                          0x000021a5   Thumb Code    28  uart.o(i.UARTReceiveChar)
    UARTSendChar                             0x000021c9   Thumb Code    26  uart.o(i.UARTSendChar)
    __0printf$bare                           0x000021ed   Thumb Code     8  printfb.o(i.__0printf$bare)
    __1printf$bare                           0x000021ed   Thumb Code     0  printfb.o(i.__0printf$bare)
    __2printf                                0x000021ed   Thumb Code     0  printfb.o(i.__0printf$bare)
    __aeabi_errno_addr                       0x00002221   Thumb Code     4  errno.o(i.__aeabi_errno_addr)
    __rt_errno_addr                          0x00002221   Thumb Code     0  errno.o(i.__aeabi_errno_addr)
    __scatterload_copy                       0x00002229   Thumb Code    14  handlers.o(i.__scatterload_copy)
    __scatterload_null                       0x00002237   Thumb Code     2  handlers.o(i.__scatterload_null)
    __scatterload_zeroinit                   0x00002239   Thumb Code    14  handlers.o(i.__scatterload_zeroinit)
    fgetc                                    0x00002269   Thumb Code    20  retarget.o(i.fgetc)
    floor                                    0x0000227d   Thumb Code   204  floor.o(i.floor)
    fputc                                    0x00002359   Thumb Code    14  retarget.o(i.fputc)
    getFrequency                             0x00002369   Thumb Code    62  uart.o(i.getFrequency)
    getkey                                   0x000023b1   Thumb Code    32  retarget.o(i.getkey)
    main                                     0x000023d5   Thumb Code    44  main.o(i.main)
    osRtxErrorNotify                         0x0000240d   Thumb Code    32  rtx_config.o(i.osRtxErrorNotify)
    osRtxIdleThread                          0x0000242d   Thumb Code     4  rtx_config.o(i.osRtxIdleThread)
    read_ADC                                 0x00002431   Thumb Code   422  main.o(i.read_ADC)
    read_joystick                            0x00002625   Thumb Code   196  main.o(i.read_joystick)
    sendchar                                 0x000026ed   Thumb Code    64  retarget.o(i.sendchar)
    toggle_LED                               0x00002731   Thumb Code   210  main.o(i.toggle_LED)
    osRtxUserSVC                             0x00002868   Data           4  rtx_lib.o(.constdata)
    __ctype_table                            0x0000286c   Data         129  ctype_o.o(.constdata)
    osRtxConfig                              0x000028f4   Data         104  rtx_lib.o(.rodata)
    os_cb_sections                           0x0000295c   Data          56  rtx_lib.o(.rodata)
    Region$$Table$$Base                      0x000029a0   Number         0  anon$$obj.o(Region$$Table)
    Region$$Table$$Limit                     0x000029c0   Number         0  anon$$obj.o(Region$$Table)
    .bss.os.msgqueue.cb$$Base                0x10001040   Number         0  rtx_lib.o(.bss.os.msgqueue.cb)
    .bss.os.msgqueue.cb$$Limit               0x10001074   Number         0  rtx_lib.o(.bss.os.msgqueue.cb)
    .bss.os.thread.cb$$Base                  0x100010c4   Number         0  rtx_lib.o(.bss.os.thread.cb)
    .bss.os.thread.cb$$Limit                 0x1000114c   Number         0  rtx_lib.o(.bss.os.thread.cb)
    ITM_RxBuffer                             0x10001350   Data           4  uart.o(.data)
    UART0Status                              0x10001354   Data           4  uart.o(.data)
    UART1Status                              0x10001358   Data           4  uart.o(.data)
    UART0TxEmpty                             0x1000135c   Data           1  uart.o(.data)
    UART1TxEmpty                             0x1000135d   Data           1  uart.o(.data)
    UART0Count                               0x10001360   Data           4  uart.o(.data)
    UART1Count                               0x10001364   Data           4  uart.o(.data)
    RcvLock0                                 0x10001368   Data           1  uart.o(.data)
    SndLock0                                 0x10001369   Data           1  uart.o(.data)
    RcvLock1                                 0x1000136a   Data           1  uart.o(.data)
    SndLock1                                 0x1000136b   Data           1  uart.o(.data)
    i                                        0x1000136c   Data           4  uart.o(.data)
    uart_init_called                         0x10001370   Data           1  retarget.o(.data)
    __stdout                                 0x10001374   Data           4  retarget.o(.data)
    __stdin                                  0x10001378   Data           4  retarget.o(.data)
    SystemCoreClock                          0x1000137c   Data           4  system_lpc17xx.o(.data)
    osRtxInfo                                0x10001388   Data         164  rtx_kernel.o(.data.os)
    UART0Buffer                              0x1000142c   Data          64  uart.o(.bss)
    UART1Buffer                              0x1000146c   Data          64  uart.o(.bss)
    __initial_sp                             0x100034b0   Data           0  startup_lpc17xx.o(STACK)



==============================================================================

Memory Map of the image

  Image Entry point : 0x000000e1

  Load Region LR_1 (Base: 0x00000000, Size: 0x00003dec, Max: 0xffffffff, ABSOLUTE, COMPRESSED[0x00002a00])

    Execution Region ER_RO (Exec base: 0x00000000, Load base: 0x00000000, Size: 0x000029c0, Max: 0xffffffff, ABSOLUTE)

    Exec Addr    Load Addr    Size         Type   Attr      Idx    E Section Name        Object

    0x00000000   0x00000000   0x000000cc   Data   RO          351    RESET               startup_lpc17xx.o
    0x000000cc   0x000000cc   0x00000000   Code   RO          863  * .ARM.Collect$$$$00000000  mc_w.l(entry.o)
    0x000000cc   0x000000cc   0x00000004   Code   RO         1144    .ARM.Collect$$$$00000001  mc_w.l(entry2.o)
    0x000000d0   0x000000d0   0x00000004   Code   RO         1147    .ARM.Collect$$$$00000004  mc_w.l(entry5.o)
    0x000000d4   0x000000d4   0x00000000   Code   RO         1149    .ARM.Collect$$$$00000008  mc_w.l(entry7b.o)
    0x000000d4   0x000000d4   0x00000000   Code   RO         1151    .ARM.Collect$$$$0000000A  mc_w.l(entry8b.o)
    0x000000d4   0x000000d4   0x00000008   Code   RO         1152    .ARM.Collect$$$$0000000B  mc_w.l(entry9a.o)
    0x000000dc   0x000000dc   0x00000000   Code   RO         1154    .ARM.Collect$$$$0000000D  mc_w.l(entry10a.o)
    0x000000dc   0x000000dc   0x00000000   Code   RO         1156    .ARM.Collect$$$$0000000F  mc_w.l(entry11a.o)
    0x000000dc   0x000000dc   0x00000004   Code   RO         1145    .ARM.Collect$$$$00002712  mc_w.l(entry2.o)
    0x000000e0   0x000000e0   0x00000024   Code   RO          353  * .text               startup_lpc17xx.o
    0x00000104   0x00000104   0x00000094   Code   RO          611    .text               RTX_CM3.lib(irq_cm3.o)
    0x00000198   0x00000198   0x00000024   Code   RO          868    .text               mc_w.l(memcpya.o)
    0x000001bc   0x000001bc   0x00000024   Code   RO          870    .text               mc_w.l(memseta.o)
    0x000001e0   0x000001e0   0x00000020   Code   RO         1134    .text               mc_w.l(__0scanf.o)
    0x00000200   0x00000200   0x000000e0   Code   RO         1136    .text               mc_w.l(_scanf_str.o)
    0x000002e0   0x000002e0   0x0000001a   Code   RO         1138    .text               mc_w.l(atoi.o)
    0x000002fa   0x000002fa   0x00000000   Code   RO         1175    .text               mc_w.l(iusefp.o)
    0x000002fa   0x000002fa   0x00000000   Code   RO         1227    .text               mc_w.l(semi.o)
    0x000002fa   0x000002fa   0x00000000   Code   RO         1234    .text               mc_w.l(iusesemig.o)
    0x000002fa   0x000002fa   0x00000002   Code   RO          396    .text.osRtxKernelPreInit  RTX_CM3.lib(rtx_kernel.o)
    0x000002fc   0x000002fc   0x00000004   Code   RO          352    .ARM.__at_0x02FC    startup_lpc17xx.o
    0x00000300   0x00000300   0x00000022   Code   RO         1140    .text               mf_w.l(dflti.o)
    0x00000322   0x00000322   0x0000003e   Code   RO         1142    .text               mf_w.l(dfixi.o)
    0x00000360   0x00000360   0x0000001e   Code   RO         1160    .text               mc_w.l(llshl.o)
    0x0000037e   0x0000037e   0x00000020   Code   RO         1162    .text               mc_w.l(llushr.o)
    0x0000039e   0x0000039e   0x00000070   Code   RO         1171    .text               mc_w.l(strtol.o)
    0x0000040e   0x0000040e   0x00000002   PAD
    0x00000410   0x00000410   0x00000014   Code   RO         1173    .text               mc_w.l(scanf_char_file.o)
    0x00000424   0x00000424   0x000000ba   Code   RO         1176    .text               mf_w.l(depilogue.o)
    0x000004de   0x000004de   0x0000014e   Code   RO         1178    .text               mf_w.l(dadd.o)
    0x0000062c   0x0000062c   0x00000030   Code   RO         1186    .text               mf_w.l(cdrcmple.o)
    0x0000065c   0x0000065c   0x00000024   Code   RO         1188    .text               mc_w.l(init.o)
    0x00000680   0x00000680   0x0000002c   Code   RO         1190    .text               mc_w.l(fgetc_b.o)
    0x000006ac   0x000006ac   0x00000024   Code   RO         1193    .text               mc_w.l(llsshr.o)
    0x000006d0   0x000006d0   0x00000008   Code   RO         1195    .text               mc_w.l(ctype_o.o)
    0x000006d8   0x000006d8   0x00000012   Code   RO         1217    .text               mc_w.l(isspace_o.o)
    0x000006ea   0x000006ea   0x00000002   PAD
    0x000006ec   0x000006ec   0x00000028   Code   RO         1223    .text               mc_w.l(scanf_char.o)
    0x00000714   0x00000714   0x0000009e   Code   RO         1225    .text               mc_w.l(_strtoul.o)
    0x000007b2   0x000007b2   0x0000001c   Code   RO         1230    .text               mc_w.l(_chval.o)
    0x000007ce   0x000007ce   0x00000002   PAD
    0x000007d0   0x000007d0   0x0000032c   Code   RO         1232    .text               mc_w.l(_scanf.o)
    0x00000afc   0x00000afc   0x0000003a   Code   RO         1246    .text               mc_w.l(__dczerorl.o)
    0x00000b36   0x00000b36   0x00000044   Code   RO          843    .text.MessageQueueGet  RTX_CM3.lib(rtx_msgqueue.o)
    0x00000b7a   0x00000b7a   0x00000062   Code   RO          837    .text.MessageQueuePut  RTX_CM3.lib(rtx_msgqueue.o)
    0x00000bdc   0x00000bdc   0x0000001c   Code   RO          835    .text.MessageQueueRemove  RTX_CM3.lib(rtx_msgqueue.o)
    0x00000bf8   0x00000bf8   0x0000000c   Code   RO          781    .text.OS_Tick_AcknowledgeIRQ  RTX_CM3.lib(os_systick.o)
    0x00000c04   0x00000c04   0x0000002c   Code   RO          777    .text.OS_Tick_Enable  RTX_CM3.lib(os_systick.o)
    0x00000c30   0x00000c30   0x00000006   Code   RO          783    .text.OS_Tick_GetIRQn  RTX_CM3.lib(os_systick.o)
    0x00000c36   0x00000c36   0x00000002   PAD
    0x00000c38   0x00000c38   0x00000040   Code   RO          775    .text.OS_Tick_Setup  RTX_CM3.lib(os_systick.o)
    0x00000c78   0x00000c78   0x0000006a   Code   RO          541    .text.ThreadFlagsCheck  RTX_CM3.lib(rtx_thread.o)
    0x00000ce2   0x00000ce2   0x00000002   PAD
    0x00000ce4   0x00000ce4   0x00000050   Code   RO          632    .text.TimerInsert   RTX_CM3.lib(rtx_timer.o)
    0x00000d34   0x00000d34   0x00000024   Code   RO          594    .text.osDelay       RTX_CM3.lib(rtx_delay.o)
    0x00000d58   0x00000d58   0x0000002c   Code   RO          398    .text.osKernelInitialize  RTX_CM3.lib(rtx_kernel.o)
    0x00000d84   0x00000d84   0x00000024   Code   RO          408    .text.osKernelStart  RTX_CM3.lib(rtx_kernel.o)
    0x00000da8   0x00000da8   0x0000006c   Code   RO          809    .text.osMessageQueueGet  RTX_CM3.lib(rtx_msgqueue.o)
    0x00000e14   0x00000e14   0x00000024   Code   RO          803    .text.osMessageQueueNew  RTX_CM3.lib(rtx_msgqueue.o)
    0x00000e38   0x00000e38   0x00000078   Code   RO          807    .text.osMessageQueuePut  RTX_CM3.lib(rtx_msgqueue.o)
    0x00000eb0   0x00000eb0   0x00000080   Code   RO          694    .text.osRtxMemoryAlloc  RTX_CM3.lib(rtx_memory.o)
    0x00000f30   0x00000f30   0x00000052   Code   RO          696    .text.osRtxMemoryFree  RTX_CM3.lib(rtx_memory.o)
    0x00000f82   0x00000f82   0x00000036   Code   RO          692    .text.osRtxMemoryInit  RTX_CM3.lib(rtx_memory.o)
    0x00000fb8   0x00000fb8   0x0000003a   Code   RO          709    .text.osRtxMemoryPoolAlloc  RTX_CM3.lib(rtx_mempool.o)
    0x00000ff2   0x00000ff2   0x0000004a   Code   RO          711    .text.osRtxMemoryPoolFree  RTX_CM3.lib(rtx_mempool.o)
    0x0000103c   0x0000103c   0x00000046   Code   RO          707    .text.osRtxMemoryPoolInit  RTX_CM3.lib(rtx_mempool.o)
    0x00001082   0x00001082   0x000000ba   Code   RO          833    .text.osRtxMessageQueuePostProcess  RTX_CM3.lib(rtx_msgqueue.o)
    0x0000113c   0x0000113c   0x0000004a   Code   RO          657    .text.osRtxMutexOwnerRelease  RTX_CM3.lib(rtx_mutex.o)
    0x00001186   0x00001186   0x00000002   PAD
    0x00001188   0x00001188   0x00000090   Code   RO          762    .text.osRtxPendSV_Handler  RTX_CM3.lib(rtx_system.o)
    0x00001218   0x00001218   0x00000074   Code   RO          764    .text.osRtxPostProcess  RTX_CM3.lib(rtx_system.o)
    0x0000128c   0x0000128c   0x00000038   Code   RO          481    .text.osRtxThreadBlock  RTX_CM3.lib(rtx_thread.o)
    0x000012c4   0x000012c4   0x00000088   Code   RO          489    .text.osRtxThreadDelayInsert  RTX_CM3.lib(rtx_thread.o)
    0x0000134c   0x0000134c   0x0000003c   Code   RO          485    .text.osRtxThreadDelayRemove  RTX_CM3.lib(rtx_thread.o)
    0x00001388   0x00001388   0x00000034   Code   RO          471    .text.osRtxThreadDelayTick  RTX_CM3.lib(rtx_thread.o)
    0x000013bc   0x000013bc   0x0000005c   Code   RO          479    .text.osRtxThreadDispatch  RTX_CM3.lib(rtx_thread.o)
    0x00001418   0x00001418   0x00000058   Code   RO          565    .text.osRtxThreadFree  RTX_CM3.lib(rtx_thread.o)
    0x00001470   0x00001470   0x00000014   Code   RO          463    .text.osRtxThreadListGet  RTX_CM3.lib(rtx_thread.o)
    0x00001484   0x00001484   0x0000002a   Code   RO          461    .text.osRtxThreadListPut  RTX_CM3.lib(rtx_thread.o)
    0x000014ae   0x000014ae   0x00000014   Code   RO          467    .text.osRtxThreadListRemove  RTX_CM3.lib(rtx_thread.o)
    0x000014c2   0x000014c2   0x0000002a   Code   RO          539    .text.osRtxThreadPostProcess  RTX_CM3.lib(rtx_thread.o)
    0x000014ec   0x000014ec   0x00000014   Code   RO          469    .text.osRtxThreadReadyPut  RTX_CM3.lib(rtx_thread.o)
    0x00001500   0x00001500   0x00000006   Code   RO          473    .text.osRtxThreadRegPtr  RTX_CM3.lib(rtx_thread.o)
    0x00001506   0x00001506   0x00000002   PAD
    0x00001508   0x00001508   0x00000028   Code   RO          477    .text.osRtxThreadStackCheck  RTX_CM3.lib(rtx_thread.o)
    0x00001530   0x00001530   0x00000040   Code   RO          491    .text.osRtxThreadStartup  RTX_CM3.lib(rtx_thread.o)
    0x00001570   0x00001570   0x00000010   Code   RO          475    .text.osRtxThreadSwitch  RTX_CM3.lib(rtx_thread.o)
    0x00001580   0x00001580   0x0000003c   Code   RO          487    .text.osRtxThreadWaitEnter  RTX_CM3.lib(rtx_thread.o)
    0x000015bc   0x000015bc   0x00000024   Code   RO          483    .text.osRtxThreadWaitExit  RTX_CM3.lib(rtx_thread.o)
    0x000015e0   0x000015e0   0x00000070   Code   RO          760    .text.osRtxTick_Handler  RTX_CM3.lib(rtx_system.o)
    0x00001650   0x00001650   0x0000003c   Code   RO          616    .text.osRtxTimerThread  RTX_CM3.lib(rtx_timer.o)
    0x0000168c   0x0000168c   0x00000058   Code   RO          618    .text.osRtxTimerTick  RTX_CM3.lib(rtx_timer.o)
    0x000016e4   0x000016e4   0x0000000c   Code   RO          523    .text.osThreadExit  RTX_CM3.lib(rtx_thread.o)
    0x000016f0   0x000016f0   0x00000024   Code   RO          495    .text.osThreadNew   RTX_CM3.lib(rtx_thread.o)
    0x00001714   0x00001714   0x00000024   Code   RO          513    .text.osThreadYield  RTX_CM3.lib(rtx_thread.o)
    0x00001738   0x00001738   0x00000014   Code   RO          598    .text.svcRtxDelay   RTX_CM3.lib(rtx_delay.o)
    0x0000174c   0x0000174c   0x00000154   Code   RO          436    .text.svcRtxKernelInitialize  RTX_CM3.lib(rtx_kernel.o)
    0x000018a0   0x000018a0   0x00000088   Code   RO          438    .text.svcRtxKernelStart  RTX_CM3.lib(rtx_kernel.o)
    0x00001928   0x00001928   0x000000e0   Code   RO          845    .text.svcRtxMessageQueueGet  RTX_CM3.lib(rtx_msgqueue.o)
    0x00001a08   0x00001a08   0x00000134   Code   RO          831    .text.svcRtxMessageQueueNew  RTX_CM3.lib(rtx_msgqueue.o)
    0x00001b3c   0x00001b3c   0x000000c0   Code   RO          841    .text.svcRtxMessageQueuePut  RTX_CM3.lib(rtx_msgqueue.o)
    0x00001bfc   0x00001bfc   0x00000070   Code   RO          569    .text.svcRtxThreadExit  RTX_CM3.lib(rtx_thread.o)
    0x00001c6c   0x00001c6c   0x000001dc   Code   RO          493    .text.svcRtxThreadNew  RTX_CM3.lib(rtx_thread.o)
    0x00001e48   0x00001e48   0x00000038   Code   RO          555    .text.svcRtxThreadYield  RTX_CM3.lib(rtx_thread.o)
    0x00001e80   0x00001e80   0x00000006   Code   RO            4    i.Free              uart.o
    0x00001e86   0x00001e86   0x00000002   PAD
    0x00001e88   0x00001e88   0x00000024   Code   RO            5    i.FreeRcv           uart.o
    0x00001eac   0x00001eac   0x00000024   Code   RO            6    i.FreeSnd           uart.o
    0x00001ed0   0x00001ed0   0x00000140   Code   RO          363    i.SystemInit        system_lpc17xx.o
    0x00002010   0x00002010   0x00000068   Code   RO           10    i.UART0_IRQHandler  uart.o
    0x00002078   0x00002078   0x00000070   Code   RO           11    i.UART1_IRQHandler  uart.o
    0x000020e8   0x000020e8   0x000000bc   Code   RO           12    i.UARTInit          uart.o
    0x000021a4   0x000021a4   0x00000024   Code   RO           13    i.UARTReceiveChar   uart.o
    0x000021c8   0x000021c8   0x00000024   Code   RO           16    i.UARTSendChar      uart.o
    0x000021ec   0x000021ec   0x00000010   Code   RO          875    i.__0printf$bare    mc_w.l(printfb.o)
    0x000021fc   0x000021fc   0x00000022   Code   RO           17    i.__NVIC_EnableIRQ  uart.o
    0x0000221e   0x0000221e   0x00000002   PAD
    0x00002220   0x00002220   0x00000008   Code   RO         1164    i.__aeabi_errno_addr  mc_w.l(errno.o)
    0x00002228   0x00002228   0x0000000e   Code   RO         1240    i.__scatterload_copy  mc_w.l(handlers.o)
    0x00002236   0x00002236   0x00000002   Code   RO         1241    i.__scatterload_null  mc_w.l(handlers.o)
    0x00002238   0x00002238   0x0000000e   Code   RO         1242    i.__scatterload_zeroinit  mc_w.l(handlers.o)
    0x00002246   0x00002246   0x00000022   Code   RO          882    i._printf_core      mc_w.l(printfb.o)
    0x00002268   0x00002268   0x00000014   Code   RO          146    i.fgetc             retarget.o
    0x0000227c   0x0000227c   0x000000dc   Code   RO          860    i.floor             m_ws.l(floor.o)
    0x00002358   0x00002358   0x0000000e   Code   RO          147    i.fputc             retarget.o
    0x00002366   0x00002366   0x00000002   PAD
    0x00002368   0x00002368   0x00000048   Code   RO           18    i.getFrequency      uart.o
    0x000023b0   0x000023b0   0x00000024   Code   RO          148    i.getkey            retarget.o
    0x000023d4   0x000023d4   0x00000038   Code   RO          207    i.main              main.o
    0x0000240c   0x0000240c   0x00000020   Code   RO          318    i.osRtxErrorNotify  rtx_config.o
    0x0000242c   0x0000242c   0x00000004   Code   RO          319    i.osRtxIdleThread   rtx_config.o
    0x00002430   0x00002430   0x000001f4   Code   RO          208    i.read_ADC          main.o
    0x00002624   0x00002624   0x000000c8   Code   RO          209    i.read_joystick     main.o
    0x000026ec   0x000026ec   0x00000044   Code   RO          149    i.sendchar          retarget.o
    0x00002730   0x00002730   0x000000d8   Code   RO          210    i.toggle_LED        main.o
    0x00002808   0x00002808   0x00000064   Data   RO          278    .constdata          rtx_lib.o
    0x0000286c   0x0000286c   0x00000081   Data   RO         1196    .constdata          mc_w.l(ctype_o.o)
    0x000028ed   0x000028ed   0x00000003   PAD
    0x000028f0   0x000028f0   0x00000004   Data   RO         1197    .constdata          mc_w.l(ctype_o.o)
    0x000028f4   0x000028f4   0x000000a0   Data   RO          280    .rodata             rtx_lib.o
    0x00002994   0x00002994   0x0000000b   Data   RO          450    .rodata.str1.4      RTX_CM3.lib(rtx_kernel.o)
    0x0000299f   0x0000299f   0x00000001   PAD
    0x000029a0   0x000029a0   0x00000020   Data   RO         1238    Region$$Table       anon$$obj.o


    Execution Region ER_RW (Exec base: 0x10000000, Load base: 0x000029c0, Size: 0x0000142c, Max: 0xffffffff, ABSOLUTE, COMPRESSED[0x00000040])

    Exec Addr    Load Addr    Size         Type   Attr      Idx    E Section Name        Object

    0x10000000   COMPRESSED   0x00001040   Data   RW          273    .bss.os             rtx_lib.o
    0x10001040   COMPRESSED   0x00000034   Data   RW          274    .bss.os.msgqueue.cb  rtx_lib.o
    0x10001074   COMPRESSED   0x00000050   Data   RW          275    .bss.os.msgqueue.mem  rtx_lib.o
    0x100010c4   COMPRESSED   0x00000088   Data   RW          276    .bss.os.thread.cb   rtx_lib.o
    0x1000114c   COMPRESSED   0x00000004   PAD
    0x10001150   COMPRESSED   0x00000200   Data   RW          277    .bss.os.thread.stack  rtx_lib.o
    0x10001350   COMPRESSED   0x00000020   Data   RW           20    .data               uart.o
    0x10001370   COMPRESSED   0x0000000c   Data   RW          150    .data               retarget.o
    0x1000137c   COMPRESSED   0x00000004   Data   RW          364    .data               system_lpc17xx.o
    0x10001380   COMPRESSED   0x00000004   Data   RW         1167    .data               mc_w.l(errno.o)
    0x10001384   COMPRESSED   0x00000003   Data   RW         1191    .data               mc_w.l(fgetc_b.o)
    0x10001387   COMPRESSED   0x00000001   PAD
    0x10001388   COMPRESSED   0x000000a4   Data   RW          451    .data.os            RTX_CM3.lib(rtx_kernel.o)


    Execution Region ER_ZI (Exec base: 0x1000142c, Load base: 0x00002a00, Size: 0x00002084, Max: 0xffffffff, ABSOLUTE)

    Exec Addr    Load Addr    Size         Type   Attr      Idx    E Section Name        Object

    0x1000142c        -       0x00000080   Zero   RW           19    .bss                uart.o
    0x100014ac        -       0x00000001   Zero   RW          793    .bss.PendST         RTX_CM3.lib(os_systick.o)
    0x100014ad   0x00002a00   0x00000003   PAD
    0x100014b0        -       0x00002000   Zero   RW          349    STACK               startup_lpc17xx.o


==============================================================================

Image component sizes


      Code (inc. data)   RO Data    RW Data    ZI Data      Debug   Object Name

       972        100          0          0          0       6247   main.o
       138          8          0         12          0       3883   retarget.o
        36          6          0          0          0        973   rtx_config.o
         0          0        260       4940          0       9242   rtx_lib.o
        40         12        204          0       8192       1004   startup_lpc17xx.o
       320         18          0          4          0        819   system_lpc17xx.o
       660         94          0         32        128      27769   uart.o

    ----------------------------------------------------------------------
      2172        238        496       4992       8320      49937   Object Totals
         0          0         32          0          0          0   (incl. Generated)
         6          0          0          4          0          0   (incl. Padding)

    ----------------------------------------------------------------------

      Code (inc. data)   RO Data    RW Data    ZI Data      Debug   Library Member Name

       148         10          0          0          0        484   irq_cm3.o
       126         32          0          0          1       3108   os_systick.o
        56          4          0          0          0       2838   rtx_delay.o
       558         36         11        164          0      17132   rtx_kernel.o
       264          0          0          0          0       2403   rtx_memory.o
       202          0          0          0          0      16408   rtx_mempool.o
      1368         28          0          0          0      18781   rtx_msgqueue.o
        74          0          0          0          0       9465   rtx_mutex.o
       372         26          0          0          0       5417   rtx_system.o
      1684        100          0          0          0      32225   rtx_thread.o
       228         20          0          0          0      10252   rtx_timer.o
       220         16          0          0          0         84   floor.o
        32          6          0          0          0         84   __0scanf.o
        58          0          0          0          0          0   __dczerorl.o
        28          0          0          0          0         68   _chval.o
       812          4          0          0          0        112   _scanf.o
       224          0          0          0          0         96   _scanf_str.o
       158          0          0          0          0         92   _strtoul.o
        26          0          0          0          0         80   atoi.o
         8          4        133          0          0         68   ctype_o.o
         0          0          0          0          0          0   entry.o
         0          0          0          0          0          0   entry10a.o
         0          0          0          0          0          0   entry11a.o
         8          4          0          0          0          0   entry2.o
         4          0          0          0          0          0   entry5.o
         0          0          0          0          0          0   entry7b.o
         0          0          0          0          0          0   entry8b.o
         8          4          0          0          0          0   entry9a.o
         8          4          0          4          0         68   errno.o
        44          6          0          3          0        144   fgetc_b.o
        30          0          0          0          0          0   handlers.o
        36          8          0          0          0         68   init.o
        18          0          0          0          0         76   isspace_o.o
         0          0          0          0          0          0   iusefp.o
         0          0          0          0          0          0   iusesemig.o
        30          0          0          0          0         68   llshl.o
        36          0          0          0          0         68   llsshr.o
        32          0          0          0          0         68   llushr.o
        36          0          0          0          0         68   memcpya.o
        36          0          0          0          0        108   memseta.o
        50          8          0          0          0        152   printfb.o
        40          8          0          0          0         84   scanf_char.o
        20          8          0          0          0         68   scanf_char_file.o
         0          0          0          0          0          0   semi.o
       112          0          0          0          0         88   strtol.o
        48          0          0          0          0         68   cdrcmple.o
       334          0          0          0          0        148   dadd.o
       186          0          0          0          0        176   depilogue.o
        62          0          0          0          0         80   dfixi.o
        34          0          0          0          0         76   dflti.o

    ----------------------------------------------------------------------
      7872        336        148        172          4     120873   Library Totals
        14          0          4          1          3          0   (incl. Padding)

    ----------------------------------------------------------------------

      Code (inc. data)   RO Data    RW Data    ZI Data      Debug   Library Name

      5080        256         11        164          1     118513   RTX_CM3.lib
       220         16          0          0          0         84   m_ws.l
      1894         64        133          7          0       1728   mc_w.l
       664          0          0          0          0        548   mf_w.l

    ----------------------------------------------------------------------
      7872        336        148        172          4     120873   Library Totals

    ----------------------------------------------------------------------

==============================================================================


      Code (inc. data)   RO Data    RW Data    ZI Data      Debug   

     10044        574        644       5164       8324     168610   Grand Totals
     10044        574        644         64       8324     168610   ELF Image Totals (compressed)
     10044        574        644         64          0          0   ROM Totals

==============================================================================

    Total RO  Size (Code + RO Data)                10688 (  10.44kB)
    Total RW  Size (RW Data + ZI Data)             13488 (  13.17kB)
    Total ROM Size (Code + RO Data + RW Data)      10752 (  10.50kB)

==============================================================================

